Component: Arm Compiler for Embedded 6.21 Tool: armlink [5ec1fa00]

==============================================================================

Section Cross References

    main.o(.text.main) refers to main.o(.text.SystemClock_Config) for SystemClock_Config
    main.o(.text.main) refers to main.o(.text.SysTick_Init) for SysTick_Init
    main.o(.text.main) refers to mma8451q.o(.text.GPIO_Init) for GPIO_Init
    main.o(.text.main) refers to mma8451q.o(.text.I2C1_Init) for I2C1_Init
    main.o(.text.main) refers to lcd.o(.text.lcd_init) for lcd_init
    main.o(.text.main) refers to main.o(.text.LED_Init) for LED_Init
    main.o(.text.main) refers to main.o(.text.Switch_Init) for Switch_Init
    main.o(.text.main) refers to main.o(.text.EXTI_Config) for EXTI_Config
    main.o(.text.main) refers to mma8451q.o(.text.I2C1_Write) for I2C1_Write
    main.o(.text.main) refers to main.o(.bss.Set) for Set
    main.o(.text.main) refers to main.o(.text.toggle_LED1) for toggle_LED1
    main.o(.text.main) refers to main.o(.bss.buffer) for buffer
    main.o(.text.main) refers to mma8451q.o(.text.I2C1_Read) for I2C1_Read
    main.o(.text.main) refers to main.o(.bss.x) for x
    main.o(.text.main) refers to main.o(.bss.y) for y
    main.o(.text.main) refers to main.o(.bss.z) for z
    main.o(.text.main) refers to fflt_clz.o(x$fpl$fflt) for __aeabi_i2f
    main.o(.text.main) refers to fdiv.o(x$fpl$fdiv) for __aeabi_fdiv
    main.o(.text.main) refers to fmul.o(x$fpl$fmul) for __aeabi_fmul
    main.o(.text.main) refers to main.o(.bss.ax) for ax
    main.o(.text.main) refers to main.o(.bss.ay) for ay
    main.o(.text.main) refers to main.o(.bss.az) for az
    main.o(.text.main) refers to faddsub_clz.o(x$fpl$fadd) for __aeabi_fadd
    main.o(.text.main) refers to f2d.o(x$fpl$f2d) for __aeabi_f2d
    main.o(.text.main) refers to sqrt.o(i.sqrt) for sqrt
    main.o(.text.main) refers to dcmp.o(x$fpl$fcmp) for __aeabi_dcmple
    main.o(.text.main) refers to main.o(.bss.isFall) for isFall
    main.o(.text.main) refers to lcd.o(.text.lcd_clear) for lcd_clear
    main.o(.text.main) refers to lcd.o(.text.lcd_set_cursor) for lcd_set_cursor
    main.o(.text.main) refers to main.o(.bss.buf) for buf
    main.o(.text.main) refers to main.o(.rodata.str1.1) for .L.str
    main.o(.text.main) refers to sprintf.o(.text) for sprintf
    main.o(.text.main) refers to lcd.o(.text.lcd_print) for lcd_print
    main.o(.text.main) refers to main.o(.bss.Reset) for Reset
    main.o(.ARM.exidx.text.main) refers to main.o(.text.main) for [Anonymous Symbol]
    main.o(.ARM.exidx.text.SystemClock_Config) refers to main.o(.text.SystemClock_Config) for [Anonymous Symbol]
    main.o(.text.SysTick_Init) refers to system_stm32f10x.o(.data.SystemCoreClock) for SystemCoreClock
    main.o(.ARM.exidx.text.SysTick_Init) refers to main.o(.text.SysTick_Init) for [Anonymous Symbol]
    main.o(.ARM.exidx.text.LED_Init) refers to main.o(.text.LED_Init) for [Anonymous Symbol]
    main.o(.ARM.exidx.text.Switch_Init) refers to main.o(.text.Switch_Init) for [Anonymous Symbol]
    main.o(.text.EXTI_Config) refers to main.o(.text.__NVIC_EnableIRQ) for __NVIC_EnableIRQ
    main.o(.text.EXTI_Config) refers to main.o(.text.__NVIC_SetPriority) for __NVIC_SetPriority
    main.o(.ARM.exidx.text.EXTI_Config) refers to main.o(.text.EXTI_Config) for [Anonymous Symbol]
    main.o(.ARM.exidx.text.toggle_LED1) refers to main.o(.text.toggle_LED1) for [Anonymous Symbol]
    main.o(.ARM.exidx.text.toggle_LED2) refers to main.o(.text.toggle_LED2) for [Anonymous Symbol]
    main.o(.ARM.exidx.text.__NVIC_EnableIRQ) refers to main.o(.text.__NVIC_EnableIRQ) for [Anonymous Symbol]
    main.o(.ARM.exidx.text.__NVIC_SetPriority) refers to main.o(.text.__NVIC_SetPriority) for [Anonymous Symbol]
    main.o(.text.SysTick_Handler) refers to main.o(.bss.ticks) for ticks
    main.o(.text.SysTick_Handler) refers to main.o(.bss.SysTick_Handler.ticksB0) for SysTick_Handler.ticksB0
    main.o(.text.SysTick_Handler) refers to main.o(.bss.Set) for Set
    main.o(.text.SysTick_Handler) refers to main.o(.bss.SysTick_Handler.ticksB1) for SysTick_Handler.ticksB1
    main.o(.text.SysTick_Handler) refers to main.o(.bss.isFall) for isFall
    main.o(.ARM.exidx.text.SysTick_Handler) refers to main.o(.text.SysTick_Handler) for [Anonymous Symbol]
    main.o(.text.EXTI1_IRQHandler) refers to main.o(.bss.Reset) for Reset
    main.o(.ARM.exidx.text.EXTI1_IRQHandler) refers to main.o(.text.EXTI1_IRQHandler) for [Anonymous Symbol]
    main.o(.text.EXTI0_IRQHandler) refers to main.o(.bss.Set) for Set
    main.o(.ARM.exidx.text.EXTI0_IRQHandler) refers to main.o(.text.EXTI0_IRQHandler) for [Anonymous Symbol]
    mma8451q.o(.ARM.exidx.text.GPIO_Init) refers to mma8451q.o(.text.GPIO_Init) for [Anonymous Symbol]
    mma8451q.o(.ARM.exidx.text.I2C1_Init) refers to mma8451q.o(.text.I2C1_Init) for [Anonymous Symbol]
[...]
    ../fplib/dnaninf.s                       0x00000000   Number         0  dnaninf.o ABSOLUTE
    ../fplib/dretinf.s                       0x00000000   Number         0  dretinf.o ABSOLUTE
    ../fplib/dsqrt.s                         0x00000000   Number         0  dsqrt_noumaal.o ABSOLUTE
    ../fplib/f2d.s                           0x00000000   Number         0  f2d.o ABSOLUTE
    ../fplib/faddsub.s                       0x00000000   Number         0  faddsub_clz.o ABSOLUTE
    ../fplib/fdiv.s                          0x00000000   Number         0  fdiv.o ABSOLUTE
    ../fplib/fflt.s                          0x00000000   Number         0  fflt_clz.o ABSOLUTE
    ../fplib/fmul.s                          0x00000000   Number         0  fmul.o ABSOLUTE
    ../fplib/fnaninf.s                       0x00000000   Number         0  fnaninf.o ABSOLUTE
    ../fplib/fpinit.s                        0x00000000   Number         0  fpinit.o ABSOLUTE
    ../fplib/fpinit_empty.s                  0x00000000   Number         0  fpinit_empty.o ABSOLUTE
    ../fplib/fretinf.s                       0x00000000   Number         0  fretinf.o ABSOLUTE
    ../fplib/istatus.s                       0x00000000   Number         0  istatus.o ABSOLUTE
    ../fplib/printf1.s                       0x00000000   Number         0  printf1.o ABSOLUTE
    ../fplib/printf2.s                       0x00000000   Number         0  printf2.o ABSOLUTE
    ../fplib/printf2a.s                      0x00000000   Number         0  printf2a.o ABSOLUTE
    ../fplib/printf2b.s                      0x00000000   Number         0  printf2b.o ABSOLUTE
    ../fplib/usenofp.s                       0x00000000   Number         0  usenofp.o ABSOLUTE
    ../mathlib/fpclassify.c                  0x00000000   Number         0  fpclassify.o ABSOLUTE
    ../mathlib/sqrt.c                        0x00000000   Number         0  sqrt.o ABSOLUTE
    LCD.c                                    0x00000000   Number         0  lcd.o ABSOLUTE
    MMA8451Q.c                               0x00000000   Number         0  mma8451q.o ABSOLUTE
    RTE/Device/STM32F103C8/startup_stm32f10x_md.s 0x00000000   Number         0  startup_stm32f10x_md.o ABSOLUTE
    dc.s                                     0x00000000   Number         0  dc.o ABSOLUTE
    main.c                                   0x00000000   Number         0  main.o ABSOLUTE
    system_stm32f10x.c                       0x00000000   Number         0  system_stm32f10x.o ABSOLUTE
    RESET                                    0x08000000   Section      236  startup_stm32f10x_md.o(RESET)
    !!!main                                  0x080000ec   Section        8  __main.o(!!!main)
    !!!scatter                               0x080000f4   Section       92  __scatter.o(!!!scatter)
    !!handler_copy                           0x08000150   Section       26  __scatter_copy.o(!!handler_copy)
    !!handler_null                           0x0800016c   Section        2  __scatter.o(!!handler_null)
    !!handler_zi                             0x08000170   Section       28  __scatter_zi.o(!!handler_zi)
    .ARM.Collect$$_printf_percent$$00000000  0x0800018c   Section        0  _printf_percent.o(.ARM.Collect$$_printf_percent$$00000000)
    .ARM.Collect$$_printf_percent$$00000001  0x0800018c   Section        6  _printf_n.o(.ARM.Collect$$_printf_percent$$00000001)
    .ARM.Collect$$_printf_percent$$00000002  0x08000192   Section        6  _printf_p.o(.ARM.Collect$$_printf_percent$$00000002)
    .ARM.Collect$$_printf_percent$$00000003  0x08000198   Section        6  _printf_f.o(.ARM.Collect$$_printf_percent$$00000003)
    .ARM.Collect$$_printf_percent$$00000004  0x0800019e   Section        6  _printf_e.o(.ARM.Collect$$_printf_percent$$00000004)
    .ARM.Collect$$_printf_percent$$00000005  0x080001a4   Section        6  _printf_g.o(.ARM.Collect$$_printf_percent$$00000005)
    .ARM.Collect$$_printf_percent$$00000006  0x080001aa   Section        6  _printf_a.o(.ARM.Collect$$_printf_percent$$00000006)
    .ARM.Collect$$_printf_percent$$00000007  0x080001b0   Section       10  _printf_ll.o(.ARM.Collect$$_printf_percent$$00000007)
    .ARM.Collect$$_printf_percent$$00000008  0x080001ba   Section        6  _printf_i.o(.ARM.Collect$$_printf_percent$$00000008)
    .ARM.Collect$$_printf_percent$$00000009  0x080001c0   Section        6  _printf_d.o(.ARM.Collect$$_printf_percent$$00000009)
    .ARM.Collect$$_printf_percent$$0000000A  0x080001c6   Section        6  _printf_u.o(.ARM.Collect$$_printf_percent$$0000000A)
    .ARM.Collect$$_printf_percent$$0000000B  0x080001cc   Section        6  _printf_o.o(.ARM.Collect$$_printf_percent$$0000000B)
    .ARM.Collect$$_printf_percent$$0000000C  0x080001d2   Section        6  _printf_x.o(.ARM.Collect$$_printf_percent$$0000000C)
    .ARM.Collect$$_printf_percent$$0000000D  0x080001d8   Section        6  _printf_lli.o(.ARM.Collect$$_printf_percent$$0000000D)
    .ARM.Collect$$_printf_percent$$0000000E  0x080001de   Section        6  _printf_lld.o(.ARM.Collect$$_printf_percent$$0000000E)
    .ARM.Collect$$_printf_percent$$0000000F  0x080001e4   Section        6  _printf_llu.o(.ARM.Collect$$_printf_percent$$0000000F)
    .ARM.Collect$$_printf_percent$$00000010  0x080001ea   Section        6  _printf_llo.o(.ARM.Collect$$_printf_percent$$00000010)
    .ARM.Collect$$_printf_percent$$00000011  0x080001f0   Section        6  _printf_llx.o(.ARM.Collect$$_printf_percent$$00000011)
    .ARM.Collect$$_printf_percent$$00000012  0x080001f6   Section       10  _printf_l.o(.ARM.Collect$$_printf_percent$$00000012)
    .ARM.Collect$$_printf_percent$$00000013  0x08000200   Section        6  _printf_c.o(.ARM.Collect$$_printf_percent$$00000013)
    .ARM.Collect$$_printf_percent$$00000014  0x08000206   Section        6  _printf_s.o(.ARM.Collect$$_printf_percent$$00000014)
    .ARM.Collect$$_printf_percent$$00000015  0x0800020c   Section        6  _printf_lc.o(.ARM.Collect$$_printf_percent$$00000015)
    .ARM.Collect$$_printf_percent$$00000016  0x08000212   Section        6  _printf_ls.o(.ARM.Collect$$_printf_percent$$00000016)
    .ARM.Collect$$_printf_percent$$00000017  0x08000218   Section        4  _printf_percent_end.o(.ARM.Collect$$_printf_percent$$00000017)
    .ARM.Collect$$libinit$$00000000          0x0800021c   Section        2  libinit.o(.ARM.Collect$$libinit$$00000000)
    .ARM.Collect$$libinit$$00000002          0x0800021e   Section        0  libinit2.o(.ARM.Collect$$libinit$$00000002)
    .ARM.Collect$$libinit$$00000004          0x0800021e   Section        0  libinit2.o(.ARM.Collect$$libinit$$00000004)
    .ARM.Collect$$libinit$$00000006          0x0800021e   Section        0  libinit2.o(.ARM.Collect$$libinit$$00000006)
    .ARM.Collect$$libinit$$0000000C          0x0800021e   Section        0  libinit2.o(.ARM.Collect$$libinit$$0000000C)
    .ARM.Collect$$libinit$$0000000E          0x0800021e   Section        0  libinit2.o(.ARM.Collect$$libinit$$0000000E)
    .ARM.Collect$$libinit$$00000010          0x0800021e   Section        0  libinit2.o(.ARM.Collect$$libinit$$00000010)
    .ARM.Collect$$libinit$$00000011          0x0800021e   Section        6  libinit2.o(.ARM.Collect$$libinit$$00000011)
    .ARM.Collect$$libinit$$00000013          0x08000224   Section        0  libinit2.o(.ARM.Collect$$libinit$$00000013)
    .ARM.Collect$$libinit$$00000014          0x08000224   Section       12  libinit2.o(.ARM.Collect$$libinit$$00000014)
    .ARM.Collect$$libinit$$00000015          0x08000230   Section        0  libinit2.o(.ARM.Collect$$libinit$$00000015)
    .ARM.Collect$$libinit$$00000017          0x08000230   Section        0  libinit2.o(.ARM.Collect$$libinit$$00000017)
    .ARM.Collect$$libinit$$00000018          0x08000230   Section       10  libinit2.o(.ARM.Collect$$libinit$$00000018)
    .ARM.Collect$$libinit$$00000019          0x0800023a   Section        0  libinit2.o(.ARM.Collect$$libinit$$00000019)
    .ARM.Collect$$libinit$$0000001B          0x0800023a   Section        0  libinit2.o(.ARM.Collect$$libinit$$0000001B)
    .ARM.Collect$$libinit$$0000001D          0x0800023a   Section        0  libinit2.o(.ARM.Collect$$libinit$$0000001D)
    .ARM.Collect$$libinit$$0000001F          0x0800023a   Section        0  libinit2.o(.ARM.Collect$$libinit$$0000001F)
    .ARM.Collect$$libinit$$00000021          0x0800023a   Section        0  libinit2.o(.ARM.Collect$$libinit$$00000021)
    .ARM.Collect$$libinit$$00000023          0x0800023a   Section        0  libinit2.o(.ARM.Collect$$libinit$$00000023)
    .ARM.Collect$$libinit$$00000025          0x0800023a   Section        0  libinit2.o(.ARM.Collect$$libinit$$00000025)
    .ARM.Collect$$libinit$$00000027          0x0800023a   Section        0  libinit2.o(.ARM.Collect$$libinit$$00000027)
    .ARM.Collect$$libinit$$0000002E          0x0800023a   Section        0  libinit2.o(.ARM.Collect$$libinit$$0000002E)
    .ARM.Collect$$libinit$$00000030          0x0800023a   Section        0  libinit2.o(.ARM.Collect$$libinit$$00000030)
    .ARM.Collect$$libinit$$00000032          0x0800023a   Section        0  libinit2.o(.ARM.Collect$$libinit$$00000032)
    .ARM.Collect$$libinit$$00000034          0x0800023a   Section        0  libinit2.o(.ARM.Collect$$libinit$$00000034)
    .ARM.Collect$$libinit$$00000035          0x0800023a   Section        2  libinit2.o(.ARM.Collect$$libinit$$00000035)
    .ARM.Collect$$libshutdown$$00000000      0x0800023c   Section        2  libshutdown.o(.ARM.Collect$$libshutdown$$00000000)
    .ARM.Collect$$libshutdown$$00000002      0x0800023e   Section        0  libshutdown2.o(.ARM.Collect$$libshutdown$$00000002)
    .ARM.Collect$$libshutdown$$00000004      0x0800023e   Section        0  libshutdown2.o(.ARM.Collect$$libshutdown$$00000004)
    .ARM.Collect$$libshutdown$$00000007      0x0800023e   Section        0  libshutdown2.o(.ARM.Collect$$libshutdown$$00000007)
    .ARM.Collect$$libshutdown$$0000000A      0x0800023e   Section        0  libshutdown2.o(.ARM.Collect$$libshutdown$$0000000A)
    .ARM.Collect$$libshutdown$$0000000C      0x0800023e   Section        0  libshutdown2.o(.ARM.Collect$$libshutdown$$0000000C)
    .ARM.Collect$$libshutdown$$0000000F      0x0800023e   Section        0  libshutdown2.o(.ARM.Collect$$libshutdown$$0000000F)
    .ARM.Collect$$libshutdown$$00000010      0x0800023e   Section        2  libshutdown2.o(.ARM.Collect$$libshutdown$$00000010)
    .ARM.Collect$$rtentry$$00000000          0x08000240   Section        0  __rtentry.o(.ARM.Collect$$rtentry$$00000000)
    .ARM.Collect$$rtentry$$00000002          0x08000240   Section        0  __rtentry2.o(.ARM.Collect$$rtentry$$00000002)
    .ARM.Collect$$rtentry$$00000004          0x08000240   Section        6  __rtentry4.o(.ARM.Collect$$rtentry$$00000004)
    .ARM.Collect$$rtentry$$00000009          0x08000246   Section        0  __rtentry2.o(.ARM.Collect$$rtentry$$00000009)
    .ARM.Collect$$rtentry$$0000000A          0x08000246   Section        4  __rtentry2.o(.ARM.Collect$$rtentry$$0000000A)
    .ARM.Collect$$rtentry$$0000000C          0x0800024a   Section        0  __rtentry2.o(.ARM.Collect$$rtentry$$0000000C)
    .ARM.Collect$$rtentry$$0000000D          0x0800024a   Section        8  __rtentry2.o(.ARM.Collect$$rtentry$$0000000D)
    .ARM.Collect$$rtexit$$00000000           0x08000252   Section        2  rtexit.o(.ARM.Collect$$rtexit$$00000000)
    .ARM.Collect$$rtexit$$00000002           0x08000254   Section        0  rtexit2.o(.ARM.Collect$$rtexit$$00000002)
    .ARM.Collect$$rtexit$$00000003           0x08000254   Section        4  rtexit2.o(.ARM.Collect$$rtexit$$00000003)
    .ARM.Collect$$rtexit$$00000004           0x08000258   Section        6  rtexit2.o(.ARM.Collect$$rtexit$$00000004)
    .text                                    0x08000260   Section       64  startup_stm32f10x_md.o(.text)
    .text                                    0x080002a0   Section        0  sprintf.o(.text)
    .text                                    0x080002cc   Section        0  heapauxi.o(.text)
    .text                                    0x080002d2   Section        0  _rserrno.o(.text)
    .text                                    0x080002e8   Section        0  _printf_pad.o(.text)
    .text                                    0x08000336   Section        0  _printf_truncate.o(.text)
    .text                                    0x0800035a   Section        0  _printf_str.o(.text)
    .text                                    0x080003ac   Section        0  _printf_dec.o(.text)
    .text                                    0x08000424   Section        0  _printf_charcount.o(.text)
    _printf_input_char                       0x0800044d   Thumb Code    10  _printf_char_common.o(.text)
    .text                                    0x0800044c   Section        0  _printf_char_common.o(.text)
    .text                                    0x0800047c   Section        0  _sputc.o(.text)
    .text                                    0x08000488   Section        0  _printf_wctomb.o(.text)
    .text                                    0x08000544   Section        0  _printf_longlong_dec.o(.text)
    _printf_longlong_oct_internal            0x080005c1   Thumb Code     0  _printf_oct_int_ll.o(.text)
    .text                                    0x080005c0   Section        0  _printf_oct_int_ll.o(.text)
    _printf_hex_common                       0x08000631   Thumb Code     0  _printf_hex_int_ll_ptr.o(.text)
    .text                                    0x08000630   Section        0  _printf_hex_int_ll_ptr.o(.text)
    .text                                    0x080006c4   Section        0  __printf_flags_ss_wp.o(.text)
    .text                                    0x0800084c   Section        8  rt_errno_addr_intlibspace.o(.text)
    .text                                    0x08000854   Section      138  lludiv10.o(.text)
    .text                                    0x080008de   Section        0  _printf_intcommon.o(.text)
    _fp_digits                               0x08000991   Thumb Code   432  _printf_fp_dec.o(.text)
    .text                                    0x08000990   Section        0  _printf_fp_dec.o(.text)
    .text                                    0x08000dac   Section        0  _printf_fp_hex.o(.text)
    .text                                    0x080010a8   Section        0  _printf_char.o(.text)
    .text                                    0x080010d4   Section        0  _printf_wchar.o(.text)
    .text                                    0x08001100   Section        0  _c16rtomb.o(.text)
    .text                                    0x08001148   Section        8  libspace.o(.text)
    .text                                    0x08001150   Section       74  sys_stackheap_outer.o(.text)
    .text                                    0x0800119c   Section       16  rt_ctype_table.o(.text)
    .text                                    0x080011ac   Section        8  rt_locale_intlibspace.o(.text)
    .text                                    0x080011b4   Section        0  _printf_fp_infnan.o(.text)
    .text                                    0x08001234   Section        0  bigflt0.o(.text)
    .text                                    0x08001318   Section        0  exit.o(.text)
    .text                                    0x0800132c   Section      128  strcmpv7m.o(.text)
    .text                                    0x080013ac   Section        0  sys_exit.o(.text)
    .text                                    0x080013b8   Section        2  use_no_semi.o(.text)
    .text                                    0x080013ba   Section        0  indicate_semi.o(.text)
    [Anonymous Symbol]                       0x080013bc   Section        0  main.o(.text.EXTI0_IRQHandler)
    [Anonymous Symbol]                       0x080013e0   Section        0  main.o(.text.EXTI1_IRQHandler)
    [Anonymous Symbol]                       0x08001400   Section        0  main.o(.text.EXTI_Config)
    [Anonymous Symbol]                       0x0800146c   Section        0  mma8451q.o(.text.GPIO_Init)
    [Anonymous Symbol]                       0x080014b8   Section        0  mma8451q.o(.text.I2C1_Init)
    [Anonymous Symbol]                       0x0800152c   Section        0  mma8451q.o(.text.I2C1_Read)
    [Anonymous Symbol]                       0x08001680   Section        0  mma8451q.o(.text.I2C1_Write)
    [Anonymous Symbol]                       0x0800173c   Section        0  main.o(.text.LED_Init)
    SetSysClock                              0x08001769   Thumb Code     8  system_stm32f10x.o(.text.SetSysClock)
    [Anonymous Symbol]                       0x08001768   Section        0  system_stm32f10x.o(.text.SetSysClock)
    SetSysClockTo72                          0x08001771   Thumb Code   290  system_stm32f10x.o(.text.SetSysClockTo72)
    [Anonymous Symbol]                       0x08001770   Section        0  system_stm32f10x.o(.text.SetSysClockTo72)
    [Anonymous Symbol]                       0x08001894   Section        0  main.o(.text.Switch_Init)
    [Anonymous Symbol]                       0x080018d0   Section        0  main.o(.text.SysTick_Handler)
    [Anonymous Symbol]                       0x080019bc   Section        0  main.o(.text.SysTick_Init)
    [Anonymous Symbol]                       0x08001a00   Section        0  main.o(.text.SystemClock_Config)
    [Anonymous Symbol]                       0x08001ab4   Section        0  system_stm32f10x.o(.text.SystemInit)
    __NVIC_EnableIRQ                         0x08001b1d   Thumb Code    48  main.o(.text.__NVIC_EnableIRQ)
    [Anonymous Symbol]                       0x08001b1c   Section        0  main.o(.text.__NVIC_EnableIRQ)
    __NVIC_SetPriority                       0x08001b4d   Thumb Code    66  main.o(.text.__NVIC_SetPriority)
    [Anonymous Symbol]                       0x08001b4c   Section        0  main.o(.text.__NVIC_SetPriority)
    [Anonymous Symbol]                       0x08001b90   Section        0  lcd.o(.text.lcd_clear)
    lcd_i2c_toggle_enable                    0x08001b9d   Thumb Code    88  lcd.o(.text.lcd_i2c_toggle_enable)
    [Anonymous Symbol]                       0x08001b9c   Section        0  lcd.o(.text.lcd_i2c_toggle_enable)
    lcd_i2c_write                            0x08001bf5   Thumb Code   168  lcd.o(.text.lcd_i2c_write)
    [Anonymous Symbol]                       0x08001bf4   Section        0  lcd.o(.text.lcd_i2c_write)
    lcd_i2c_write_cmd                        0x08001c9d   Thumb Code    68  lcd.o(.text.lcd_i2c_write_cmd)
    [Anonymous Symbol]                       0x08001c9c   Section        0  lcd.o(.text.lcd_i2c_write_cmd)
    lcd_i2c_write_data                       0x08001ce1   Thumb Code    68  lcd.o(.text.lcd_i2c_write_data)
    [Anonymous Symbol]                       0x08001ce0   Section        0  lcd.o(.text.lcd_i2c_write_data)
    [Anonymous Symbol]                       0x08001d24   Section        0  lcd.o(.text.lcd_init)
    [Anonymous Symbol]                       0x08001dbc   Section        0  lcd.o(.text.lcd_print)
    [Anonymous Symbol]                       0x08001de0   Section        0  lcd.o(.text.lcd_set_cursor)
    [Anonymous Symbol]                       0x08001e10   Section        0  main.o(.text.main)
    [Anonymous Symbol]                       0x08002038   Section        0  main.o(.text.toggle_LED1)
    CL$$btod_d2e                             0x0800206a   Section       62  btod.o(CL$$btod_d2e)
    CL$$btod_d2e_denorm_low                  0x080020a8   Section       70  btod.o(CL$$btod_d2e_denorm_low)
    CL$$btod_d2e_norm_op1                    0x080020ee   Section       96  btod.o(CL$$btod_d2e_norm_op1)
    CL$$btod_div_common                      0x08002150   Section      824  btod.o(CL$$btod_div_common)
    CL$$btod_e2e                             0x08002488   Section      220  btod.o(CL$$btod_e2e)
    CL$$btod_ediv                            0x08002564   Section       42  btod.o(CL$$btod_ediv)
    CL$$btod_emul                            0x0800258e   Section       42  btod.o(CL$$btod_emul)
    CL$$btod_mult_common                     0x080025b8   Section      580  btod.o(CL$$btod_mult_common)
    i.__ARM_fpclassify                       0x080027fc   Section        0  fpclassify.o(i.__ARM_fpclassify)
    i._is_digit                              0x08002824   Section        0  __printf_wp.o(i._is_digit)
    i.sqrt                                   0x08002832   Section        0  sqrt.o(i.sqrt)
    locale$$code                             0x08002880   Section       44  lc_numeric_c.o(locale$$code)
    locale$$code                             0x080028ac   Section       44  lc_ctype_c.o(locale$$code)
    x$fpl$dcmpinf                            0x080028d8   Section       24  dcmpi.o(x$fpl$dcmpinf)
    x$fpl$deqf                               0x080028f0   Section      120  deqf.o(x$fpl$deqf)
    x$fpl$dgeqf                              0x08002968   Section      120  dgeqf.o(x$fpl$dgeqf)
    x$fpl$dleqf                              0x080029e0   Section      120  dleqf.o(x$fpl$dleqf)
    x$fpl$dnaninf                            0x08002a58   Section      156  dnaninf.o(x$fpl$dnaninf)
    x$fpl$dretinf                            0x08002af4   Section       12  dretinf.o(x$fpl$dretinf)
    x$fpl$dsqrt                              0x08002b00   Section      460  dsqrt_noumaal.o(x$fpl$dsqrt)
    x$fpl$f2d                                0x08002ccc   Section       86  f2d.o(x$fpl$f2d)
    x$fpl$fadd                               0x08002d24   Section      196  faddsub_clz.o(x$fpl$fadd)
    _fadd1                                   0x08002d33   Thumb Code     0  faddsub_clz.o(x$fpl$fadd)
    x$fpl$fcmp                               0x08002de8   Section       84  dcmp.o(x$fpl$fcmp)
    _fdiv1                                   0x08002e3d   Thumb Code     0  fdiv.o(x$fpl$fdiv)
    x$fpl$fdiv                               0x08002e3c   Section      388  fdiv.o(x$fpl$fdiv)
    x$fpl$fflt                               0x08002fc0   Section       48  fflt_clz.o(x$fpl$fflt)
    x$fpl$fmul                               0x08002ff0   Section      258  fmul.o(x$fpl$fmul)
    x$fpl$fnaninf                            0x080030f2   Section      140  fnaninf.o(x$fpl$fnaninf)
    x$fpl$fretinf                            0x0800317e   Section       10  fretinf.o(x$fpl$fretinf)
    x$fpl$fsub                               0x08003188   Section      234  faddsub_clz.o(x$fpl$fsub)
    _fsub1                                   0x08003197   Thumb Code     0  faddsub_clz.o(x$fpl$fsub)
    x$fpl$printf1                            0x08003272   Section        4  printf1.o(x$fpl$printf1)
    x$fpl$printf2                            0x08003276   Section        4  printf2.o(x$fpl$printf2)
    x$fpl$usenofp                            0x0800327a   Section        0  usenofp.o(x$fpl$usenofp)
    initial_mbstate                          0x0800327c   Data           8  _printf_wctomb.o(.constdata)
    .constdata                               0x0800327c   Section        8  _printf_wctomb.o(.constdata)
    uc_hextab                                0x08003284   Data          20  _printf_hex_int_ll_ptr.o(.constdata)
    .constdata                               0x08003284   Section       40  _printf_hex_int_ll_ptr.o(.constdata)
    lc_hextab                                0x08003298   Data          20  _printf_hex_int_ll_ptr.o(.constdata)
    maptable                                 0x080032ac   Data          17  __printf_flags_ss_wp.o(.constdata)
    .constdata                               0x080032ac   Section       17  __printf_flags_ss_wp.o(.constdata)
    lc_hextab                                0x080032bd   Data          19  _printf_fp_hex.o(.constdata)
    .constdata                               0x080032bd   Section       38  _printf_fp_hex.o(.constdata)
    uc_hextab                                0x080032d0   Data          19  _printf_fp_hex.o(.constdata)
    tenpwrs_x                                0x080032e4   Data          60  bigflt0.o(.constdata)
    .constdata                               0x080032e4   Section      148  bigflt0.o(.constdata)
    tenpwrs_i                                0x08003320   Data          64  bigflt0.o(.constdata)
    .L.str                                   0x08003378   Data          11  main.o(.rodata.str1.1)
    [Anonymous Symbol]                       0x08003378   Section        0  main.o(.rodata.str1.1)
    locale$$data                             0x080033a4   Section       28  lc_numeric_c.o(locale$$data)
    __lcnum_c_name                           0x080033a8   Data           2  lc_numeric_c.o(locale$$data)
    __lcnum_c_start                          0x080033b0   Data           0  lc_numeric_c.o(locale$$data)
    __lcnum_c_point                          0x080033bc   Data           0  lc_numeric_c.o(locale$$data)
    __lcnum_c_thousands                      0x080033be   Data           0  lc_numeric_c.o(locale$$data)
    __lcnum_c_grouping                       0x080033bf   Data           0  lc_numeric_c.o(locale$$data)
    __lcnum_c_end                            0x080033c0   Data           0  lc_numeric_c.o(locale$$data)
    locale$$data                             0x080033c0   Section      272  lc_ctype_c.o(locale$$data)
    __lcctype_c_name                         0x080033c4   Data           2  lc_ctype_c.o(locale$$data)
    __lcctype_c_start                        0x080033cc   Data           0  lc_ctype_c.o(locale$$data)
    __lcctype_c_end                          0x080034d0   Data           0  lc_ctype_c.o(locale$$data)
    lcd_set_cursor.row_offsets               0x20000004   Data           4  lcd.o(.data.lcd_set_cursor.row_offsets)
    [Anonymous Symbol]                       0x20000004   Section        0  lcd.o(.data.lcd_set_cursor.row_offsets)
    .bss                                     0x20000008   Section       96  libspace.o(.bss)
    SysTick_Handler.ticksB0                  0x2000006c   Data           4  main.o(.bss.SysTick_Handler.ticksB0)
    [Anonymous Symbol]                       0x2000006c   Section        0  main.o(.bss.SysTick_Handler.ticksB0)
    SysTick_Handler.ticksB1                  0x20000070   Data           4  main.o(.bss.SysTick_Handler.ticksB1)
    [Anonymous Symbol]                       0x20000070   Section        0  main.o(.bss.SysTick_Handler.ticksB1)
    Heap_Mem                                 0x200000a8   Data         512  startup_stm32f10x_md.o(HEAP)
    HEAP                                     0x200000a8   Section      512  startup_stm32f10x_md.o(HEAP)
    Stack_Mem                                0x200002a8   Data        1024  startup_stm32f10x_md.o(STACK)
    STACK                                    0x200002a8   Section     1024  startup_stm32f10x_md.o(STACK)
    __initial_sp                             0x200006a8   Data           0  startup_stm32f10x_md.o(STACK)

    Global Symbols

    Symbol Name                              Value     Ov Type        Size  Object(Section)

    BuildAttributes$$THM_ISAv4$P$D$K$B$S$PE$A:L22UL41UL21$X:L11$S22US41US21$IEEE1$IW$~IW$USESV6$~STKCKD$USESV7$~SHL$OTIME$ROPI$IEEEJ$EBA8$UX$STANDARDLIB$REQ8$PRES8$EABIv2 0x00000000   Number         0  anon$$obj.o ABSOLUTE
    __fp_init_empty                          0x00000000   Number         0  fpinit_empty.o ABSOLUTE
    _printf_flags                            0x00000000   Number         0  printf_stubs.o ABSOLUTE
    _printf_return_value                     0x00000000   Number         0  printf_stubs.o ABSOLUTE
    _printf_sizespec                         0x00000000   Number         0  printf_stubs.o ABSOLUTE
    _printf_widthprec                        0x00000000   Number         0  printf_stubs.o ABSOLUTE
    __ARM_exceptions_init                     - Undefined Weak Reference
    __alloca_initialize                       - Undefined Weak Reference
    __arm_preinit_                            - Undefined Weak Reference
    __arm_relocate_pie_                       - Undefined Weak Reference
    __cpp_initialize__aeabi_                  - Undefined Weak Reference
    __cxa_finalize                            - Undefined Weak Reference
    __sigvec_lookup                           - Undefined Weak Reference
    _atexit_init                              - Undefined Weak Reference
    _call_atexit_fns                          - Undefined Weak Reference
    _clock_init                               - Undefined Weak Reference
    _fp_trap_init                             - Undefined Weak Reference
    _fp_trap_shutdown                         - Undefined Weak Reference
    _get_lc_collate                           - Undefined Weak Reference
    _get_lc_monetary                          - Undefined Weak Reference
    _get_lc_time                              - Undefined Weak Reference
    _getenv_init                              - Undefined Weak Reference
    _handle_redirection                       - Undefined Weak Reference
    _init_alloc                               - Undefined Weak Reference
    _init_user_alloc                          - Undefined Weak Reference
    _initio                                   - Undefined Weak Reference
    _printf_mbtowc                            - Undefined Weak Reference
    _printf_wc                                - Undefined Weak Reference
    _rand_init                                - Undefined Weak Reference
    _signal_finish                            - Undefined Weak Reference
    _signal_init                              - Undefined Weak Reference
    _terminate_alloc                          - Undefined Weak Reference
    _terminate_user_alloc                     - Undefined Weak Reference
    _terminateio                              - Undefined Weak Reference
    __Vectors_Size                           0x000000ec   Number         0  startup_stm32f10x_md.o ABSOLUTE
    __Vectors                                0x08000000   Data           4  startup_stm32f10x_md.o(RESET)
    __Vectors_End                            0x080000ec   Data           0  startup_stm32f10x_md.o(RESET)
    __main                                   0x080000ed   Thumb Code     8  __main.o(!!!main)
    __scatterload                            0x080000f5   Thumb Code     0  __scatter.o(!!!scatter)
    __scatterload_rt2                        0x080000f5   Thumb Code    84  __scatter.o(!!!scatter)
    __scatterload_rt2_thumb_only             0x080000f5   Thumb Code     0  __scatter.o(!!!scatter)
    __scatterload_loop                       0x080000ff   Thumb Code     0  __scatter.o(!!!scatter)
    __scatterload_copy                       0x08000151   Thumb Code    26  __scatter_copy.o(!!handler_copy)
    __scatterload_null                       0x0800016d   Thumb Code     2  __scatter.o(!!handler_null)
    __scatterload_zeroinit                   0x08000171   Thumb Code    28  __scatter_zi.o(!!handler_zi)
    _printf_n                                0x0800018d   Thumb Code     0  _printf_n.o(.ARM.Collect$$_printf_percent$$00000001)
    _printf_percent                          0x0800018d   Thumb Code     0  _printf_percent.o(.ARM.Collect$$_printf_percent$$00000000)
    _printf_p                                0x08000193   Thumb Code     0  _printf_p.o(.ARM.Collect$$_printf_percent$$00000002)
    _printf_f                                0x08000199   Thumb Code     0  _printf_f.o(.ARM.Collect$$_printf_percent$$00000003)
    _printf_e                                0x0800019f   Thumb Code     0  _printf_e.o(.ARM.Collect$$_printf_percent$$00000004)
    _printf_g                                0x080001a5   Thumb Code     0  _printf_g.o(.ARM.Collect$$_printf_percent$$00000005)
    _printf_a                                0x080001ab   Thumb Code     0  _printf_a.o(.ARM.Collect$$_printf_percent$$00000006)
    _printf_ll                               0x080001b1   Thumb Code     0  _printf_ll.o(.ARM.Collect$$_printf_percent$$00000007)
    _printf_i                                0x080001bb   Thumb Code     0  _printf_i.o(.ARM.Collect$$_printf_percent$$00000008)
    _printf_d                                0x080001c1   Thumb Code     0  _printf_d.o(.ARM.Collect$$_printf_percent$$00000009)
    _printf_u                                0x080001c7   Thumb Code     0  _printf_u.o(.ARM.Collect$$_printf_percent$$0000000A)
    _printf_o                                0x080001cd   Thumb Code     0  _printf_o.o(.ARM.Collect$$_printf_percent$$0000000B)
    _printf_x                                0x080001d3   Thumb Code     0  _printf_x.o(.ARM.Collect$$_printf_percent$$0000000C)
    _printf_lli                              0x080001d9   Thumb Code     0  _printf_lli.o(.ARM.Collect$$_printf_percent$$0000000D)
    _printf_lld                              0x080001df   Thumb Code     0  _printf_lld.o(.ARM.Collect$$_printf_percent$$0000000E)
    _printf_llu                              0x080001e5   Thumb Code     0  _printf_llu.o(.ARM.Collect$$_printf_percent$$0000000F)
    _printf_llo                              0x080001eb   Thumb Code     0  _printf_llo.o(.ARM.Collect$$_printf_percent$$00000010)
    _printf_llx                              0x080001f1   Thumb Code     0  _printf_llx.o(.ARM.Collect$$_printf_percent$$00000011)
    _printf_l                                0x080001f7   Thumb Code     0  _printf_l.o(.ARM.Collect$$_printf_percent$$00000012)
    _printf_c                                0x08000201   Thumb Code     0  _printf_c.o(.ARM.Collect$$_printf_percent$$00000013)
    _printf_s                                0x08000207   Thumb Code     0  _printf_s.o(.ARM.Collect$$_printf_percent$$00000014)
    _printf_lc                               0x0800020d   Thumb Code     0  _printf_lc.o(.ARM.Collect$$_printf_percent$$00000015)
    _printf_ls                               0x08000213   Thumb Code     0  _printf_ls.o(.ARM.Collect$$_printf_percent$$00000016)
    _printf_percent_end                      0x08000219   Thumb Code     0  _printf_percent_end.o(.ARM.Collect$$_printf_percent$$00000017)
    __rt_lib_init                            0x0800021d   Thumb Code     0  libinit.o(.ARM.Collect$$libinit$$00000000)
    __rt_lib_init_fp_1                       0x0800021f   Thumb Code     0  libinit2.o(.ARM.Collect$$libinit$$00000002)
    __rt_lib_init_heap_1                     0x0800021f   Thumb Code     0  libinit2.o(.ARM.Collect$$libinit$$0000000C)
    __rt_lib_init_lc_common                  0x0800021f   Thumb Code     0  libinit2.o(.ARM.Collect$$libinit$$00000011)
    __rt_lib_init_preinit_1                  0x0800021f   Thumb Code     0  libinit2.o(.ARM.Collect$$libinit$$00000006)
    __rt_lib_init_rand_1                     0x0800021f   Thumb Code     0  libinit2.o(.ARM.Collect$$libinit$$00000010)
    __rt_lib_init_relocate_pie_1             0x0800021f   Thumb Code     0  libinit2.o(.ARM.Collect$$libinit$$00000004)
    __rt_lib_init_user_alloc_1               0x0800021f   Thumb Code     0  libinit2.o(.ARM.Collect$$libinit$$0000000E)
    __rt_lib_init_lc_collate_1               0x08000225   Thumb Code     0  libinit2.o(.ARM.Collect$$libinit$$00000013)
    __rt_lib_init_lc_ctype_2                 0x08000225   Thumb Code     0  libinit2.o(.ARM.Collect$$libinit$$00000014)
    __rt_lib_init_lc_ctype_1                 0x08000231   Thumb Code     0  libinit2.o(.ARM.Collect$$libinit$$00000015)
    __rt_lib_init_lc_monetary_1              0x08000231   Thumb Code     0  libinit2.o(.ARM.Collect$$libinit$$00000017)
    __rt_lib_init_lc_numeric_2               0x08000231   Thumb Code     0  libinit2.o(.ARM.Collect$$libinit$$00000018)
    __rt_lib_init_alloca_1                   0x0800023b   Thumb Code     0  libinit2.o(.ARM.Collect$$libinit$$00000030)
    __rt_lib_init_argv_1                     0x0800023b   Thumb Code     0  libinit2.o(.ARM.Collect$$libinit$$0000002E)
    __rt_lib_init_atexit_1                   0x0800023b   Thumb Code     0  libinit2.o(.ARM.Collect$$libinit$$0000001D)
    __rt_lib_init_clock_1                    0x0800023b   Thumb Code     0  libinit2.o(.ARM.Collect$$libinit$$00000023)
    __rt_lib_init_cpp_1                      0x0800023b   Thumb Code     0  libinit2.o(.ARM.Collect$$libinit$$00000034)
    __rt_lib_init_exceptions_1               0x0800023b   Thumb Code     0  libinit2.o(.ARM.Collect$$libinit$$00000032)
    __rt_lib_init_fp_trap_1                  0x0800023b   Thumb Code     0  libinit2.o(.ARM.Collect$$libinit$$00000021)
    __rt_lib_init_getenv_1                   0x0800023b   Thumb Code     0  libinit2.o(.ARM.Collect$$libinit$$00000025)
    __rt_lib_init_lc_numeric_1               0x0800023b   Thumb Code     0  libinit2.o(.ARM.Collect$$libinit$$00000019)
    __rt_lib_init_lc_time_1                  0x0800023b   Thumb Code     0  libinit2.o(.ARM.Collect$$libinit$$0000001B)
    __rt_lib_init_return                     0x0800023b   Thumb Code     0  libinit2.o(.ARM.Collect$$libinit$$00000035)
    __rt_lib_init_signal_1                   0x0800023b   Thumb Code     0  libinit2.o(.ARM.Collect$$libinit$$0000001F)
    __rt_lib_init_stdio_1                    0x0800023b   Thumb Code     0  libinit2.o(.ARM.Collect$$libinit$$00000027)
    __rt_lib_shutdown                        0x0800023d   Thumb Code     0  libshutdown.o(.ARM.Collect$$libshutdown$$00000000)
    __rt_lib_shutdown_cpp_1                  0x0800023f   Thumb Code     0  libshutdown2.o(.ARM.Collect$$libshutdown$$00000002)
    __rt_lib_shutdown_fp_trap_1              0x0800023f   Thumb Code     0  libshutdown2.o(.ARM.Collect$$libshutdown$$00000007)
    __rt_lib_shutdown_heap_1                 0x0800023f   Thumb Code     0  libshutdown2.o(.ARM.Collect$$libshutdown$$0000000F)
    __rt_lib_shutdown_return                 0x0800023f   Thumb Code     0  libshutdown2.o(.ARM.Collect$$libshutdown$$00000010)
    __rt_lib_shutdown_signal_1               0x0800023f   Thumb Code     0  libshutdown2.o(.ARM.Collect$$libshutdown$$0000000A)
    __rt_lib_shutdown_stdio_1                0x0800023f   Thumb Code     0  libshutdown2.o(.ARM.Collect$$libshutdown$$00000004)
    __rt_lib_shutdown_user_alloc_1           0x0800023f   Thumb Code     0  libshutdown2.o(.ARM.Collect$$libshutdown$$0000000C)
    __rt_entry                               0x08000241   Thumb Code     0  __rtentry.o(.ARM.Collect$$rtentry$$00000000)
    __rt_entry_presh_1                       0x08000241   Thumb Code     0  __rtentry2.o(.ARM.Collect$$rtentry$$00000002)
    __rt_entry_sh                            0x08000241   Thumb Code     0  __rtentry4.o(.ARM.Collect$$rtentry$$00000004)
    __rt_entry_li                            0x08000247   Thumb Code     0  __rtentry2.o(.ARM.Collect$$rtentry$$0000000A)
    __rt_entry_postsh_1                      0x08000247   Thumb Code     0  __rtentry2.o(.ARM.Collect$$rtentry$$00000009)
    __rt_entry_main                          0x0800024b   Thumb Code     0  __rtentry2.o(.ARM.Collect$$rtentry$$0000000D)
    __rt_entry_postli_1                      0x0800024b   Thumb Code     0  __rtentry2.o(.ARM.Collect$$rtentry$$0000000C)
    __rt_exit                                0x08000253   Thumb Code     0  rtexit.o(.ARM.Collect$$rtexit$$00000000)
    __rt_exit_ls                             0x08000255   Thumb Code     0  rtexit2.o(.ARM.Collect$$rtexit$$00000003)
    __rt_exit_prels_1                        0x08000255   Thumb Code     0  rtexit2.o(.ARM.Collect$$rtexit$$00000002)
    __rt_exit_exit                           0x08000259   Thumb Code     0  rtexit2.o(.ARM.Collect$$rtexit$$00000004)
    Reset_Handler                            0x08000261   Thumb Code     8  startup_stm32f10x_md.o(.text)
    NMI_Handler                              0x08000269   Thumb Code     2  startup_stm32f10x_md.o(.text)
    HardFault_Handler                        0x0800026b   Thumb Code     2  startup_stm32f10x_md.o(.text)
    MemManage_Handler                        0x0800026d   Thumb Code     2  startup_stm32f10x_md.o(.text)
    BusFault_Handler                         0x0800026f   Thumb Code     2  startup_stm32f10x_md.o(.text)
    UsageFault_Handler                       0x08000271   Thumb Code     2  startup_stm32f10x_md.o(.text)
    SVC_Handler                              0x08000273   Thumb Code     2  startup_stm32f10x_md.o(.text)
    DebugMon_Handler                         0x08000275   Thumb Code     2  startup_stm32f10x_md.o(.text)
    PendSV_Handler                           0x08000277   Thumb Code     2  startup_stm32f10x_md.o(.text)
    ADC1_2_IRQHandler                        0x0800027b   Thumb Code     0  startup_stm32f10x_md.o(.text)
    CAN1_RX1_IRQHandler                      0x0800027b   Thumb Code     0  startup_stm32f10x_md.o(.text)
    CAN1_SCE_IRQHandler                      0x0800027b   Thumb Code     0  startup_stm32f10x_md.o(.text)
    DMA1_Channel1_IRQHandler                 0x0800027b   Thumb Code     0  startup_stm32f10x_md.o(.text)
    DMA1_Channel2_IRQHandler                 0x0800027b   Thumb Code     0  startup_stm32f10x_md.o(.text)
    DMA1_Channel3_IRQHandler                 0x0800027b   Thumb Code     0  startup_stm32f10x_md.o(.text)
    DMA1_Channel4_IRQHandler                 0x0800027b   Thumb Code     0  startup_stm32f10x_md.o(.text)
    DMA1_Channel5_IRQHandler                 0x0800027b   Thumb Code     0  startup_stm32f10x_md.o(.text)
    DMA1_Channel6_IRQHandler                 0x0800027b   Thumb Code     0  startup_stm32f10x_md.o(.text)
    DMA1_Channel7_IRQHandler                 0x0800027b   Thumb Code     0  startup_stm32f10x_md.o(.text)
    EXTI15_10_IRQHandler                     0x0800027b   Thumb Code     0  startup_stm32f10x_md.o(.text)
    EXTI2_IRQHandler                         0x0800027b   Thumb Code     0  startup_stm32f10x_md.o(.text)
    EXTI3_IRQHandler                         0x0800027b   Thumb Code     0  startup_stm32f10x_md.o(.text)
    EXTI4_IRQHandler                         0x0800027b   Thumb Code     0  startup_stm32f10x_md.o(.text)
    EXTI9_5_IRQHandler                       0x0800027b   Thumb Code     0  startup_stm32f10x_md.o(.text)
    FLASH_IRQHandler                         0x0800027b   Thumb Code     0  startup_stm32f10x_md.o(.text)
    I2C1_ER_IRQHandler                       0x0800027b   Thumb Code     0  startup_stm32f10x_md.o(.text)
    I2C1_EV_IRQHandler                       0x0800027b   Thumb Code     0  startup_stm32f10x_md.o(.text)
    I2C2_ER_IRQHandler                       0x0800027b   Thumb Code     0  startup_stm32f10x_md.o(.text)
    I2C2_EV_IRQHandler                       0x0800027b   Thumb Code     0  startup_stm32f10x_md.o(.text)
    PVD_IRQHandler                           0x0800027b   Thumb Code     0  startup_stm32f10x_md.o(.text)
    RCC_IRQHandler                           0x0800027b   Thumb Code     0  startup_stm32f10x_md.o(.text)
    RTCAlarm_IRQHandler                      0x0800027b   Thumb Code     0  startup_stm32f10x_md.o(.text)
    RTC_IRQHandler                           0x0800027b   Thumb Code     0  startup_stm32f10x_md.o(.text)
    SPI1_IRQHandler                          0x0800027b   Thumb Code     0  startup_stm32f10x_md.o(.text)
    SPI2_IRQHandler                          0x0800027b   Thumb Code     0  startup_stm32f10x_md.o(.text)
    TAMPER_IRQHandler                        0x0800027b   Thumb Code     0  startup_stm32f10x_md.o(.text)
    TIM1_BRK_IRQHandler                      0x0800027b   Thumb Code     0  startup_stm32f10x_md.o(.text)
    TIM1_CC_IRQHandler                       0x0800027b   Thumb Code     0  startup_stm32f10x_md.o(.text)
    TIM1_TRG_COM_IRQHandler                  0x0800027b   Thumb Code     0  startup_stm32f10x_md.o(.text)
    TIM1_UP_IRQHandler                       0x0800027b   Thumb Code     0  startup_stm32f10x_md.o(.text)
    TIM2_IRQHandler                          0x0800027b   Thumb Code     0  startup_stm32f10x_md.o(.text)
    TIM3_IRQHandler                          0x0800027b   Thumb Code     0  startup_stm32f10x_md.o(.text)
    TIM4_IRQHandler                          0x0800027b   Thumb Code     0  startup_stm32f10x_md.o(.text)
    USART1_IRQHandler                        0x0800027b   Thumb Code     0  startup_stm32f10x_md.o(.text)
    USART2_IRQHandler                        0x0800027b   Thumb Code     0  startup_stm32f10x_md.o(.text)
    USART3_IRQHandler                        0x0800027b   Thumb Code     0  startup_stm32f10x_md.o(.text)
    USBWakeUp_IRQHandler                     0x0800027b   Thumb Code     0  startup_stm32f10x_md.o(.text)
    USB_HP_CAN1_TX_IRQHandler                0x0800027b   Thumb Code     0  startup_stm32f10x_md.o(.text)
    USB_LP_CAN1_RX0_IRQHandler               0x0800027b   Thumb Code     0  startup_stm32f10x_md.o(.text)
    WWDG_IRQHandler                          0x0800027b   Thumb Code     0  startup_stm32f10x_md.o(.text)
    __user_initial_stackheap                 0x0800027d   Thumb Code     0  startup_stm32f10x_md.o(.text)
    sprintf                                  0x080002a1   Thumb Code    38  sprintf.o(.text)
    __use_two_region_memory                  0x080002cd   Thumb Code     2  heapauxi.o(.text)
    __rt_heap_escrow$2region                 0x080002cf   Thumb Code     2  heapauxi.o(.text)
    __rt_heap_expand$2region                 0x080002d1   Thumb Code     2  heapauxi.o(.text)
    __read_errno                             0x080002d3   Thumb Code    10  _rserrno.o(.text)
    __set_errno                              0x080002dd   Thumb Code    12  _rserrno.o(.text)
    _printf_pre_padding                      0x080002e9   Thumb Code    44  _printf_pad.o(.text)
    _printf_post_padding                     0x08000315   Thumb Code    34  _printf_pad.o(.text)
    _printf_truncate_signed                  0x08000337   Thumb Code    18  _printf_truncate.o(.text)
    _printf_truncate_unsigned                0x08000349   Thumb Code    18  _printf_truncate.o(.text)
    _printf_str                              0x0800035b   Thumb Code    82  _printf_str.o(.text)
    _printf_int_dec                          0x080003ad   Thumb Code   104  _printf_dec.o(.text)
    _printf_charcount                        0x08000425   Thumb Code    40  _printf_charcount.o(.text)
    _printf_char_common                      0x08000457   Thumb Code    32  _printf_char_common.o(.text)
    _sputc                                   0x0800047d   Thumb Code    10  _sputc.o(.text)
    _printf_wctomb                           0x08000489   Thumb Code   182  _printf_wctomb.o(.text)
    _printf_longlong_dec                     0x08000545   Thumb Code   108  _printf_longlong_dec.o(.text)
    _printf_longlong_oct                     0x080005c1   Thumb Code    68  _printf_oct_int_ll.o(.text)
    _printf_int_oct                          0x08000605   Thumb Code    24  _printf_oct_int_ll.o(.text)
    _printf_ll_oct                           0x0800061d   Thumb Code    12  _printf_oct_int_ll.o(.text)
    _printf_longlong_hex                     0x08000631   Thumb Code    86  _printf_hex_int_ll_ptr.o(.text)
    _printf_int_hex                          0x08000687   Thumb Code    28  _printf_hex_int_ll_ptr.o(.text)
    _printf_ll_hex                           0x080006a3   Thumb Code    12  _printf_hex_int_ll_ptr.o(.text)
    _printf_hex_ptr                          0x080006af   Thumb Code    18  _printf_hex_int_ll_ptr.o(.text)
    __printf                                 0x080006c5   Thumb Code   388  __printf_flags_ss_wp.o(.text)
    __aeabi_errno_addr                       0x0800084d   Thumb Code     8  rt_errno_addr_intlibspace.o(.text)
    __errno$intlibspace                      0x0800084d   Thumb Code     0  rt_errno_addr_intlibspace.o(.text)
    __rt_errno_addr$intlibspace              0x0800084d   Thumb Code     0  rt_errno_addr_intlibspace.o(.text)
    _ll_udiv10                               0x08000855   Thumb Code   138  lludiv10.o(.text)
    _printf_int_common                       0x080008df   Thumb Code   178  _printf_intcommon.o(.text)
    _printf_fp_dec_real                      0x08000b41   Thumb Code   620  _printf_fp_dec.o(.text)
    _printf_fp_hex_real                      0x08000dad   Thumb Code   756  _printf_fp_hex.o(.text)
    _printf_cs_common                        0x080010a9   Thumb Code    20  _printf_char.o(.text)
    _printf_char                             0x080010bd   Thumb Code    16  _printf_char.o(.text)
    _printf_string                           0x080010cd   Thumb Code     8  _printf_char.o(.text)
    _printf_lcs_common                       0x080010d5   Thumb Code    20  _printf_wchar.o(.text)
    _printf_wchar                            0x080010e9   Thumb Code    16  _printf_wchar.o(.text)
    _printf_wstring                          0x080010f9   Thumb Code     8  _printf_wchar.o(.text)
    _c16rtomb                                0x08001101   Thumb Code    72  _c16rtomb.o(.text)
    _wcrtomb                                 0x08001101   Thumb Code     0  _c16rtomb.o(.text)
    __user_libspace                          0x08001149   Thumb Code     8  libspace.o(.text)
    __user_perproc_libspace                  0x08001149   Thumb Code     0  libspace.o(.text)
    __user_perthread_libspace                0x08001149   Thumb Code     0  libspace.o(.text)
    __user_setup_stackheap                   0x08001151   Thumb Code    74  sys_stackheap_outer.o(.text)
    __rt_ctype_table                         0x0800119d   Thumb Code    16  rt_ctype_table.o(.text)
    __rt_locale                              0x080011ad   Thumb Code     8  rt_locale_intlibspace.o(.text)
    _printf_fp_infnan                        0x080011b5   Thumb Code   112  _printf_fp_infnan.o(.text)
    _btod_etento                             0x08001235   Thumb Code   224  bigflt0.o(.text)
    exit                                     0x08001319   Thumb Code    18  exit.o(.text)
    strcmp                                   0x0800132d   Thumb Code   128  strcmpv7m.o(.text)
    _sys_exit                                0x080013ad   Thumb Code     8  sys_exit.o(.text)
    __I$use$semihosting                      0x080013b9   Thumb Code     0  use_no_semi.o(.text)
    __use_no_semihosting_swi                 0x080013b9   Thumb Code     2  use_no_semi.o(.text)
    __semihosting_library_function           0x080013bb   Thumb Code     0  indicate_semi.o(.text)
    EXTI0_IRQHandler                         0x080013bd   Thumb Code    36  main.o(.text.EXTI0_IRQHandler)
    EXTI1_IRQHandler                         0x080013e1   Thumb Code    30  main.o(.text.EXTI1_IRQHandler)
    EXTI_Config                              0x08001401   Thumb Code   108  main.o(.text.EXTI_Config)
    GPIO_Init                                0x0800146d   Thumb Code    74  mma8451q.o(.text.GPIO_Init)
    I2C1_Init                                0x080014b9   Thumb Code   116  mma8451q.o(.text.I2C1_Init)
    I2C1_Read                                0x0800152d   Thumb Code   338  mma8451q.o(.text.I2C1_Read)
    I2C1_Write                               0x08001681   Thumb Code   188  mma8451q.o(.text.I2C1_Write)
    LED_Init                                 0x0800173d   Thumb Code    42  main.o(.text.LED_Init)
    Switch_Init                              0x08001895   Thumb Code    58  main.o(.text.Switch_Init)
    SysTick_Handler                          0x080018d1   Thumb Code   234  main.o(.text.SysTick_Handler)
    SysTick_Init                             0x080019bd   Thumb Code    68  main.o(.text.SysTick_Init)
    SystemClock_Config                       0x08001a01   Thumb Code   180  main.o(.text.SystemClock_Config)
    SystemInit                               0x08001ab5   Thumb Code   102  system_stm32f10x.o(.text.SystemInit)
    lcd_clear                                0x08001b91   Thumb Code    10  lcd.o(.text.lcd_clear)
    lcd_init                                 0x08001d25   Thumb Code   150  lcd.o(.text.lcd_init)
    lcd_print                                0x08001dbd   Thumb Code    36  lcd.o(.text.lcd_print)
    lcd_set_cursor                           0x08001de1   Thumb Code    46  lcd.o(.text.lcd_set_cursor)
    main                                     0x08001e11   Thumb Code   550  main.o(.text.main)
    toggle_LED1                              0x08002039   Thumb Code    50  main.o(.text.toggle_LED1)
    _btod_d2e                                0x0800206b   Thumb Code    62  btod.o(CL$$btod_d2e)
    _d2e_denorm_low                          0x080020a9   Thumb Code    70  btod.o(CL$$btod_d2e_denorm_low)
    _d2e_norm_op1                            0x080020ef   Thumb Code    96  btod.o(CL$$btod_d2e_norm_op1)
    __btod_div_common                        0x08002151   Thumb Code   696  btod.o(CL$$btod_div_common)
    _e2e                                     0x08002489   Thumb Code   220  btod.o(CL$$btod_e2e)
    _btod_ediv                               0x08002565   Thumb Code    42  btod.o(CL$$btod_ediv)
    _btod_emul                               0x0800258f   Thumb Code    42  btod.o(CL$$btod_emul)
    __btod_mult_common                       0x080025b9   Thumb Code   580  btod.o(CL$$btod_mult_common)
    __ARM_fpclassify                         0x080027fd   Thumb Code    40  fpclassify.o(i.__ARM_fpclassify)
    _is_digit                                0x08002825   Thumb Code    14  __printf_wp.o(i._is_digit)
    sqrt                                     0x08002833   Thumb Code    76  sqrt.o(i.sqrt)
    _get_lc_numeric                          0x08002881   Thumb Code    44  lc_numeric_c.o(locale$$code)
    _get_lc_ctype                            0x080028ad   Thumb Code    44  lc_ctype_c.o(locale$$code)
    __fpl_dcmp_Inf                           0x080028d9   Thumb Code    24  dcmpi.o(x$fpl$dcmpinf)
    __aeabi_cdcmpeq                          0x080028f1   Thumb Code     0  deqf.o(x$fpl$deqf)
    _dcmpeq                                  0x080028f1   Thumb Code   120  deqf.o(x$fpl$deqf)
    __aeabi_cdcmpge                          0x08002969   Thumb Code     0  dgeqf.o(x$fpl$dgeqf)
    _dcmpge                                  0x08002969   Thumb Code   120  dgeqf.o(x$fpl$dgeqf)
    __aeabi_cdcmple                          0x080029e1   Thumb Code     0  dleqf.o(x$fpl$dleqf)
    _dcmple                                  0x080029e1   Thumb Code   120  dleqf.o(x$fpl$dleqf)
    __fpl_dcmple_InfNaN                      0x08002a43   Thumb Code     0  dleqf.o(x$fpl$dleqf)
    __fpl_dnaninf                            0x08002a59   Thumb Code   156  dnaninf.o(x$fpl$dnaninf)
    __fpl_dretinf                            0x08002af5   Thumb Code    12  dretinf.o(x$fpl$dretinf)
    _dsqrt                                   0x08002b01   Thumb Code   456  dsqrt_noumaal.o(x$fpl$dsqrt)
    __aeabi_f2d                              0x08002ccd   Thumb Code     0  f2d.o(x$fpl$f2d)
    _f2d                                     0x08002ccd   Thumb Code    86  f2d.o(x$fpl$f2d)
    __aeabi_fadd                             0x08002d25   Thumb Code     0  faddsub_clz.o(x$fpl$fadd)
    _fadd                                    0x08002d25   Thumb Code   196  faddsub_clz.o(x$fpl$fadd)
    __aeabi_dcmpeq                           0x08002de9   Thumb Code     0  dcmp.o(x$fpl$fcmp)
    _deq                                     0x08002de9   Thumb Code    14  dcmp.o(x$fpl$fcmp)
    _dneq                                    0x08002df7   Thumb Code    14  dcmp.o(x$fpl$fcmp)
    __aeabi_dcmpgt                           0x08002e05   Thumb Code     0  dcmp.o(x$fpl$fcmp)
    _dgr                                     0x08002e05   Thumb Code    14  dcmp.o(x$fpl$fcmp)
    __aeabi_dcmpge                           0x08002e13   Thumb Code     0  dcmp.o(x$fpl$fcmp)
    _dgeq                                    0x08002e13   Thumb Code    14  dcmp.o(x$fpl$fcmp)
    __aeabi_dcmple                           0x08002e21   Thumb Code     0  dcmp.o(x$fpl$fcmp)
    _dleq                                    0x08002e21   Thumb Code    14  dcmp.o(x$fpl$fcmp)
    __aeabi_dcmplt                           0x08002e2f   Thumb Code     0  dcmp.o(x$fpl$fcmp)
    _dls                                     0x08002e2f   Thumb Code    14  dcmp.o(x$fpl$fcmp)
    __aeabi_fdiv                             0x08002e3d   Thumb Code     0  fdiv.o(x$fpl$fdiv)
    _fdiv                                    0x08002e3d   Thumb Code   384  fdiv.o(x$fpl$fdiv)
    __aeabi_i2f                              0x08002fc1   Thumb Code     0  fflt_clz.o(x$fpl$fflt)
    _fflt                                    0x08002fc1   Thumb Code    48  fflt_clz.o(x$fpl$fflt)
    __aeabi_fmul                             0x08002ff1   Thumb Code     0  fmul.o(x$fpl$fmul)
    _fmul                                    0x08002ff1   Thumb Code   258  fmul.o(x$fpl$fmul)
    __fpl_fnaninf                            0x080030f3   Thumb Code   140  fnaninf.o(x$fpl$fnaninf)
    __fpl_fretinf                            0x0800317f   Thumb Code    10  fretinf.o(x$fpl$fretinf)
    __aeabi_fsub                             0x08003189   Thumb Code     0  faddsub_clz.o(x$fpl$fsub)
    _fsub                                    0x08003189   Thumb Code   234  faddsub_clz.o(x$fpl$fsub)
    _printf_fp_dec                           0x08003273   Thumb Code     4  printf1.o(x$fpl$printf1)
    _printf_fp_hex                           0x08003277   Thumb Code     4  printf2.o(x$fpl$printf2)
    __I$use$fp                               0x0800327a   Number         0  usenofp.o(x$fpl$usenofp)
    Region$$Table$$Base                      0x08003384   Number         0  anon$$obj.o(Region$$Table)
    Region$$Table$$Limit                     0x080033a4   Number         0  anon$$obj.o(Region$$Table)
    __ctype                                  0x080033cd   Data           0  lc_ctype_c.o(locale$$data)
    SystemCoreClock                          0x20000000   Data           4  system_stm32f10x.o(.data.SystemCoreClock)
    __libspace_start                         0x20000008   Data          96  libspace.o(.bss)
    Reset                                    0x20000068   Data           1  main.o(.bss.Reset)
    __temporary_stack_top$libspace           0x20000068   Data           0  libspace.o(.bss)
    Set                                      0x20000069   Data           1  main.o(.bss.Set)
    ax                                       0x20000074   Data           4  main.o(.bss.ax)
    ay                                       0x20000078   Data           4  main.o(.bss.ay)
    az                                       0x2000007c   Data           4  main.o(.bss.az)
    buf                                      0x20000080   Data          16  main.o(.bss.buf)
    buffer                                   0x20000090   Data           6  main.o(.bss.buffer)
    isFall                                   0x20000096   Data           1  main.o(.bss.isFall)
    ticks                                    0x20000098   Data           4  main.o(.bss.ticks)
    x                                        0x2000009c   Data           2  main.o(.bss.x)
    y                                        0x2000009e   Data           2  main.o(.bss.y)
    z                                        0x200000a0   Data           2  main.o(.bss.z)



==============================================================================

Memory Map of the image

  Image Entry point : 0x08000261

  Load Region LR_1 (Base: 0x08000000, Size: 0x000034d8, Max: 0xffffffff, ABSOLUTE)

    Execution Region ER_RO (Exec base: 0x08000000, Load base: 0x08000000, Size: 0x000034d0, Max: 0xffffffff, ABSOLUTE)

    Exec Addr    Load Addr    Size         Type   Attr      Idx    E Section Name        Object

    0x08000000   0x08000000   0x000000ec   Data   RO           91    RESET               startup_stm32f10x_md.o
    0x080000ec   0x080000ec   0x00000008   Code   RO          121  * !!!main             c_w.l(__main.o)
    0x080000f4   0x080000f4   0x0000005c   Code   RO          509    !!!scatter          c_w.l(__scatter.o)
    0x08000150   0x08000150   0x0000001a   Code   RO          513    !!handler_copy      c_w.l(__scatter_copy.o)
    0x0800016a   0x0800016a   0x00000002   PAD
    0x0800016c   0x0800016c   0x00000002   Code   RO          510    !!handler_null      c_w.l(__scatter.o)
    0x0800016e   0x0800016e   0x00000002   PAD
    0x08000170   0x08000170   0x0000001c   Code   RO          515    !!handler_zi        c_w.l(__scatter_zi.o)
    0x0800018c   0x0800018c   0x00000000   Code   RO          233    .ARM.Collect$$_printf_percent$$00000000  c_w.l(_printf_percent.o)
    0x0800018c   0x0800018c   0x00000006   Code   RO          222    .ARM.Collect$$_printf_percent$$00000001  c_w.l(_printf_n.o)
    0x08000192   0x08000192   0x00000006   Code   RO          224    .ARM.Collect$$_printf_percent$$00000002  c_w.l(_printf_p.o)
    0x08000198   0x08000198   0x00000006   Code   RO          229    .ARM.Collect$$_printf_percent$$00000003  c_w.l(_printf_f.o)
    0x0800019e   0x0800019e   0x00000006   Code   RO          230    .ARM.Collect$$_printf_percent$$00000004  c_w.l(_printf_e.o)
    0x080001a4   0x080001a4   0x00000006   Code   RO          231    .ARM.Collect$$_printf_percent$$00000005  c_w.l(_printf_g.o)
    0x080001aa   0x080001aa   0x00000006   Code   RO          232    .ARM.Collect$$_printf_percent$$00000006  c_w.l(_printf_a.o)
    0x080001b0   0x080001b0   0x0000000a   Code   RO          237    .ARM.Collect$$_printf_percent$$00000007  c_w.l(_printf_ll.o)
    0x080001ba   0x080001ba   0x00000006   Code   RO          226    .ARM.Collect$$_printf_percent$$00000008  c_w.l(_printf_i.o)
    0x080001c0   0x080001c0   0x00000006   Code   RO          227    .ARM.Collect$$_printf_percent$$00000009  c_w.l(_printf_d.o)
    0x080001c6   0x080001c6   0x00000006   Code   RO          228    .ARM.Collect$$_printf_percent$$0000000A  c_w.l(_printf_u.o)
    0x080001cc   0x080001cc   0x00000006   Code   RO          225    .ARM.Collect$$_printf_percent$$0000000B  c_w.l(_printf_o.o)
    0x080001d2   0x080001d2   0x00000006   Code   RO          223    .ARM.Collect$$_printf_percent$$0000000C  c_w.l(_printf_x.o)
    0x080001d8   0x080001d8   0x00000006   Code   RO          234    .ARM.Collect$$_printf_percent$$0000000D  c_w.l(_printf_lli.o)
    0x080001de   0x080001de   0x00000006   Code   RO          235    .ARM.Collect$$_printf_percent$$0000000E  c_w.l(_printf_lld.o)
    0x080001e4   0x080001e4   0x00000006   Code   RO          236    .ARM.Collect$$_printf_percent$$0000000F  c_w.l(_printf_llu.o)
    0x080001ea   0x080001ea   0x00000006   Code   RO          241    .ARM.Collect$$_printf_percent$$00000010  c_w.l(_printf_llo.o)
    0x080001f0   0x080001f0   0x00000006   Code   RO          242    .ARM.Collect$$_printf_percent$$00000011  c_w.l(_printf_llx.o)
    0x080001f6   0x080001f6   0x0000000a   Code   RO          238    .ARM.Collect$$_printf_percent$$00000012  c_w.l(_printf_l.o)
    0x08000200   0x08000200   0x00000006   Code   RO          220    .ARM.Collect$$_printf_percent$$00000013  c_w.l(_printf_c.o)
    0x08000206   0x08000206   0x00000006   Code   RO          221    .ARM.Collect$$_printf_percent$$00000014  c_w.l(_printf_s.o)
    0x0800020c   0x0800020c   0x00000006   Code   RO          239    .ARM.Collect$$_printf_percent$$00000015  c_w.l(_printf_lc.o)
    0x08000212   0x08000212   0x00000006   Code   RO          240    .ARM.Collect$$_printf_percent$$00000016  c_w.l(_printf_ls.o)
    0x08000218   0x08000218   0x00000004   Code   RO          303    .ARM.Collect$$_printf_percent$$00000017  c_w.l(_printf_percent_end.o)
    0x0800021c   0x0800021c   0x00000002   Code   RO          361    .ARM.Collect$$libinit$$00000000  c_w.l(libinit.o)
    0x0800021e   0x0800021e   0x00000000   Code   RO          376    .ARM.Collect$$libinit$$00000002  c_w.l(libinit2.o)
    0x0800021e   0x0800021e   0x00000000   Code   RO          378    .ARM.Collect$$libinit$$00000004  c_w.l(libinit2.o)
    0x0800021e   0x0800021e   0x00000000   Code   RO          380    .ARM.Collect$$libinit$$00000006  c_w.l(libinit2.o)
    0x0800021e   0x0800021e   0x00000000   Code   RO          383    .ARM.Collect$$libinit$$0000000C  c_w.l(libinit2.o)
    0x0800021e   0x0800021e   0x00000000   Code   RO          385    .ARM.Collect$$libinit$$0000000E  c_w.l(libinit2.o)
    0x0800021e   0x0800021e   0x00000000   Code   RO          387    .ARM.Collect$$libinit$$00000010  c_w.l(libinit2.o)
    0x0800021e   0x0800021e   0x00000006   Code   RO          388    .ARM.Collect$$libinit$$00000011  c_w.l(libinit2.o)
    0x08000224   0x08000224   0x00000000   Code   RO          390    .ARM.Collect$$libinit$$00000013  c_w.l(libinit2.o)
    0x08000224   0x08000224   0x0000000c   Code   RO          391    .ARM.Collect$$libinit$$00000014  c_w.l(libinit2.o)
    0x08000230   0x08000230   0x00000000   Code   RO          392    .ARM.Collect$$libinit$$00000015  c_w.l(libinit2.o)
    0x08000230   0x08000230   0x00000000   Code   RO          394    .ARM.Collect$$libinit$$00000017  c_w.l(libinit2.o)
    0x08000230   0x08000230   0x0000000a   Code   RO          395    .ARM.Collect$$libinit$$00000018  c_w.l(libinit2.o)
    0x0800023a   0x0800023a   0x00000000   Code   RO          396    .ARM.Collect$$libinit$$00000019  c_w.l(libinit2.o)
    0x0800023a   0x0800023a   0x00000000   Code   RO          398    .ARM.Collect$$libinit$$0000001B  c_w.l(libinit2.o)
    0x0800023a   0x0800023a   0x00000000   Code   RO          400    .ARM.Collect$$libinit$$0000001D  c_w.l(libinit2.o)
    0x0800023a   0x0800023a   0x00000000   Code   RO          402    .ARM.Collect$$libinit$$0000001F  c_w.l(libinit2.o)
    0x0800023a   0x0800023a   0x00000000   Code   RO          404    .ARM.Collect$$libinit$$00000021  c_w.l(libinit2.o)
    0x0800023a   0x0800023a   0x00000000   Code   RO          406    .ARM.Collect$$libinit$$00000023  c_w.l(libinit2.o)
    0x0800023a   0x0800023a   0x00000000   Code   RO          408    .ARM.Collect$$libinit$$00000025  c_w.l(libinit2.o)
    0x0800023a   0x0800023a   0x00000000   Code   RO          410    .ARM.Collect$$libinit$$00000027  c_w.l(libinit2.o)
    0x0800023a   0x0800023a   0x00000000   Code   RO          414    .ARM.Collect$$libinit$$0000002E  c_w.l(libinit2.o)
    0x0800023a   0x0800023a   0x00000000   Code   RO          416    .ARM.Collect$$libinit$$00000030  c_w.l(libinit2.o)
    0x0800023a   0x0800023a   0x00000000   Code   RO          418    .ARM.Collect$$libinit$$00000032  c_w.l(libinit2.o)
    0x0800023a   0x0800023a   0x00000000   Code   RO          420    .ARM.Collect$$libinit$$00000034  c_w.l(libinit2.o)
    0x0800023a   0x0800023a   0x00000002   Code   RO          421    .ARM.Collect$$libinit$$00000035  c_w.l(libinit2.o)
    0x0800023c   0x0800023c   0x00000002   Code   RO          445    .ARM.Collect$$libshutdown$$00000000  c_w.l(libshutdown.o)
    0x0800023e   0x0800023e   0x00000000   Code   RO          460    .ARM.Collect$$libshutdown$$00000002  c_w.l(libshutdown2.o)
    0x0800023e   0x0800023e   0x00000000   Code   RO          462    .ARM.Collect$$libshutdown$$00000004  c_w.l(libshutdown2.o)
    0x0800023e   0x0800023e   0x00000000   Code   RO          465    .ARM.Collect$$libshutdown$$00000007  c_w.l(libshutdown2.o)
    0x0800023e   0x0800023e   0x00000000   Code   RO          468    .ARM.Collect$$libshutdown$$0000000A  c_w.l(libshutdown2.o)
    0x0800023e   0x0800023e   0x00000000   Code   RO          470    .ARM.Collect$$libshutdown$$0000000C  c_w.l(libshutdown2.o)
    0x0800023e   0x0800023e   0x00000000   Code   RO          473    .ARM.Collect$$libshutdown$$0000000F  c_w.l(libshutdown2.o)
    0x0800023e   0x0800023e   0x00000002   Code   RO          474    .ARM.Collect$$libshutdown$$00000010  c_w.l(libshutdown2.o)
    0x08000240   0x08000240   0x00000000   Code   RO          149    .ARM.Collect$$rtentry$$00000000  c_w.l(__rtentry.o)
    0x08000240   0x08000240   0x00000000   Code   RO          267    .ARM.Collect$$rtentry$$00000002  c_w.l(__rtentry2.o)
    0x08000240   0x08000240   0x00000006   Code   RO          279    .ARM.Collect$$rtentry$$00000004  c_w.l(__rtentry4.o)
    0x08000246   0x08000246   0x00000000   Code   RO          269    .ARM.Collect$$rtentry$$00000009  c_w.l(__rtentry2.o)
    0x08000246   0x08000246   0x00000004   Code   RO          270    .ARM.Collect$$rtentry$$0000000A  c_w.l(__rtentry2.o)
    0x0800024a   0x0800024a   0x00000000   Code   RO          272    .ARM.Collect$$rtentry$$0000000C  c_w.l(__rtentry2.o)
    0x0800024a   0x0800024a   0x00000008   Code   RO          273    .ARM.Collect$$rtentry$$0000000D  c_w.l(__rtentry2.o)
    0x08000252   0x08000252   0x00000002   Code   RO          366    .ARM.Collect$$rtexit$$00000000  c_w.l(rtexit.o)
    0x08000254   0x08000254   0x00000000   Code   RO          423    .ARM.Collect$$rtexit$$00000002  c_w.l(rtexit2.o)
    0x08000254   0x08000254   0x00000004   Code   RO          424    .ARM.Collect$$rtexit$$00000003  c_w.l(rtexit2.o)
    0x08000258   0x08000258   0x00000006   Code   RO          425    .ARM.Collect$$rtexit$$00000004  c_w.l(rtexit2.o)
    0x0800025e   0x0800025e   0x00000002   PAD
    0x08000260   0x08000260   0x00000040   Code   RO           92  * .text               startup_stm32f10x_md.o
    0x080002a0   0x080002a0   0x0000002c   Code   RO          117    .text               c_w.l(sprintf.o)
    0x080002cc   0x080002cc   0x00000006   Code   RO          119    .text               c_w.l(heapauxi.o)
    0x080002d2   0x080002d2   0x00000016   Code   RO          150    .text               c_w.l(_rserrno.o)
    0x080002e8   0x080002e8   0x0000004e   Code   RO          154    .text               c_w.l(_printf_pad.o)
    0x08000336   0x08000336   0x00000024   Code   RO          156    .text               c_w.l(_printf_truncate.o)
    0x0800035a   0x0800035a   0x00000052   Code   RO          158    .text               c_w.l(_printf_str.o)
    0x080003ac   0x080003ac   0x00000078   Code   RO          160    .text               c_w.l(_printf_dec.o)
    0x08000424   0x08000424   0x00000028   Code   RO          162    .text               c_w.l(_printf_charcount.o)
    0x0800044c   0x0800044c   0x00000030   Code   RO          164    .text               c_w.l(_printf_char_common.o)
    0x0800047c   0x0800047c   0x0000000a   Code   RO          166    .text               c_w.l(_sputc.o)
    0x08000486   0x08000486   0x00000002   PAD
    0x08000488   0x08000488   0x000000bc   Code   RO          168    .text               c_w.l(_printf_wctomb.o)
    0x08000544   0x08000544   0x0000007c   Code   RO          171    .text               c_w.l(_printf_longlong_dec.o)
    0x080005c0   0x080005c0   0x00000070   Code   RO          177    .text               c_w.l(_printf_oct_int_ll.o)
    0x08000630   0x08000630   0x00000094   Code   RO          197    .text               c_w.l(_printf_hex_int_ll_ptr.o)
    0x080006c4   0x080006c4   0x00000188   Code   RO          217    .text               c_w.l(__printf_flags_ss_wp.o)
    0x0800084c   0x0800084c   0x00000008   Code   RO          284    .text               c_w.l(rt_errno_addr_intlibspace.o)
    0x08000854   0x08000854   0x0000008a   Code   RO          286    .text               c_w.l(lludiv10.o)
    0x080008de   0x080008de   0x000000b2   Code   RO          288    .text               c_w.l(_printf_intcommon.o)
    0x08000990   0x08000990   0x0000041c   Code   RO          290    .text               c_w.l(_printf_fp_dec.o)
    0x08000dac   0x08000dac   0x000002fc   Code   RO          294    .text               c_w.l(_printf_fp_hex.o)
    0x080010a8   0x080010a8   0x0000002c   Code   RO          299    .text               c_w.l(_printf_char.o)
    0x080010d4   0x080010d4   0x0000002c   Code   RO          301    .text               c_w.l(_printf_wchar.o)
    0x08001100   0x08001100   0x00000048   Code   RO          304    .text               c_w.l(_c16rtomb.o)
    0x08001148   0x08001148   0x00000008   Code   RO          310    .text               c_w.l(libspace.o)
    0x08001150   0x08001150   0x0000004a   Code   RO          313    .text               c_w.l(sys_stackheap_outer.o)
    0x0800119a   0x0800119a   0x00000002   PAD
    0x0800119c   0x0800119c   0x00000010   Code   RO          315    .text               c_w.l(rt_ctype_table.o)
    0x080011ac   0x080011ac   0x00000008   Code   RO          320    .text               c_w.l(rt_locale_intlibspace.o)
    0x080011b4   0x080011b4   0x00000080   Code   RO          322    .text               c_w.l(_printf_fp_infnan.o)
    0x08001234   0x08001234   0x000000e4   Code   RO          324    .text               c_w.l(bigflt0.o)
    0x08001318   0x08001318   0x00000012   Code   RO          354    .text               c_w.l(exit.o)
    0x0800132a   0x0800132a   0x00000002   PAD
    0x0800132c   0x0800132c   0x00000080   Code   RO          373    .text               c_w.l(strcmpv7m.o)
    0x080013ac   0x080013ac   0x0000000c   Code   RO          435    .text               c_w.l(sys_exit.o)
    0x080013b8   0x080013b8   0x00000002   Code   RO          450    .text               c_w.l(use_no_semi.o)
    0x080013ba   0x080013ba   0x00000000   Code   RO          452    .text               c_w.l(indicate_semi.o)
    0x080013ba   0x080013ba   0x00000002   PAD
    0x080013bc   0x080013bc   0x00000024   Code   RO           26    .text.EXTI0_IRQHandler  main.o
    0x080013e0   0x080013e0   0x0000001e   Code   RO           24    .text.EXTI1_IRQHandler  main.o
    0x080013fe   0x080013fe   0x00000002   PAD
    0x08001400   0x08001400   0x0000006c   Code   RO           12    .text.EXTI_Config   main.o
    0x0800146c   0x0800146c   0x0000004a   Code   RO           51    .text.GPIO_Init     mma8451q.o
    0x080014b6   0x080014b6   0x00000002   PAD
    0x080014b8   0x080014b8   0x00000074   Code   RO           53    .text.I2C1_Init     mma8451q.o
    0x0800152c   0x0800152c   0x00000152   Code   RO           57    .text.I2C1_Read     mma8451q.o
    0x0800167e   0x0800167e   0x00000002   PAD
    0x08001680   0x08001680   0x000000bc   Code   RO           55    .text.I2C1_Write    mma8451q.o
    0x0800173c   0x0800173c   0x0000002a   Code   RO            8    .text.LED_Init      main.o
    0x08001766   0x08001766   0x00000002   PAD
    0x08001768   0x08001768   0x00000008   Code   RO          101    .text.SetSysClock   system_stm32f10x.o
    0x08001770   0x08001770   0x00000122   Code   RO          105    .text.SetSysClockTo72  system_stm32f10x.o
    0x08001892   0x08001892   0x00000002   PAD
    0x08001894   0x08001894   0x0000003a   Code   RO           10    .text.Switch_Init   main.o
    0x080018ce   0x080018ce   0x00000002   PAD
    0x080018d0   0x080018d0   0x000000ea   Code   RO           22    .text.SysTick_Handler  main.o
    0x080019ba   0x080019ba   0x00000002   PAD
    0x080019bc   0x080019bc   0x00000044   Code   RO            6    .text.SysTick_Init  main.o
    0x08001a00   0x08001a00   0x000000b4   Code   RO            4    .text.SystemClock_Config  main.o
    0x08001ab4   0x08001ab4   0x00000066   Code   RO           99    .text.SystemInit    system_stm32f10x.o
    0x08001b1a   0x08001b1a   0x00000002   PAD
    0x08001b1c   0x08001b1c   0x00000030   Code   RO           18    .text.__NVIC_EnableIRQ  main.o
    0x08001b4c   0x08001b4c   0x00000042   Code   RO           20    .text.__NVIC_SetPriority  main.o
    0x08001b8e   0x08001b8e   0x00000002   PAD
    0x08001b90   0x08001b90   0x0000000a   Code   RO           74    .text.lcd_clear     lcd.o
    0x08001b9a   0x08001b9a   0x00000002   PAD
    0x08001b9c   0x08001b9c   0x00000058   Code   RO           70    .text.lcd_i2c_toggle_enable  lcd.o
    0x08001bf4   0x08001bf4   0x000000a8   Code   RO           68    .text.lcd_i2c_write  lcd.o
    0x08001c9c   0x08001c9c   0x00000044   Code   RO           72    .text.lcd_i2c_write_cmd  lcd.o
    0x08001ce0   0x08001ce0   0x00000044   Code   RO           80    .text.lcd_i2c_write_data  lcd.o
    0x08001d24   0x08001d24   0x00000096   Code   RO           66    .text.lcd_init      lcd.o
    0x08001dba   0x08001dba   0x00000002   PAD
    0x08001dbc   0x08001dbc   0x00000024   Code   RO           78    .text.lcd_print     lcd.o
    0x08001de0   0x08001de0   0x0000002e   Code   RO           76    .text.lcd_set_cursor  lcd.o
    0x08001e0e   0x08001e0e   0x00000002   PAD
    0x08001e10   0x08001e10   0x00000226   Code   RO            2    .text.main          main.o
    0x08002036   0x08002036   0x00000002   PAD
    0x08002038   0x08002038   0x00000032   Code   RO           14    .text.toggle_LED1   main.o
    0x0800206a   0x0800206a   0x0000003e   Code   RO          327    CL$$btod_d2e        c_w.l(btod.o)
    0x080020a8   0x080020a8   0x00000046   Code   RO          329    CL$$btod_d2e_denorm_low  c_w.l(btod.o)
    0x080020ee   0x080020ee   0x00000060   Code   RO          328    CL$$btod_d2e_norm_op1  c_w.l(btod.o)
    0x0800214e   0x0800214e   0x00000002   PAD
    0x08002150   0x08002150   0x00000338   Code   RO          337    CL$$btod_div_common  c_w.l(btod.o)
    0x08002488   0x08002488   0x000000dc   Code   RO          334    CL$$btod_e2e        c_w.l(btod.o)
    0x08002564   0x08002564   0x0000002a   Code   RO          331    CL$$btod_ediv       c_w.l(btod.o)
    0x0800258e   0x0800258e   0x0000002a   Code   RO          330    CL$$btod_emul       c_w.l(btod.o)
    0x080025b8   0x080025b8   0x00000244   Code   RO          336    CL$$btod_mult_common  c_w.l(btod.o)
    0x080027fc   0x080027fc   0x00000028   Code   RO          364    i.__ARM_fpclassify  m_ws.l(fpclassify.o)
    0x08002824   0x08002824   0x0000000e   Code   RO          210    i._is_digit         c_w.l(__printf_wp.o)
    0x08002832   0x08002832   0x0000004c   Code   RO          146    i.sqrt              m_ws.l(sqrt.o)
    0x0800287e   0x0800287e   0x00000002   PAD
    0x08002880   0x08002880   0x0000002c   Code   RO          352    locale$$code        c_w.l(lc_numeric_c.o)
    0x080028ac   0x080028ac   0x0000002c   Code   RO          371    locale$$code        c_w.l(lc_ctype_c.o)
    0x080028d8   0x080028d8   0x00000018   Code   RO          306    x$fpl$dcmpinf       fz_ws.l(dcmpi.o)
    0x080028f0   0x080028f0   0x00000078   Code   RO          243    x$fpl$deqf          fz_ws.l(deqf.o)
    0x08002968   0x08002968   0x00000078   Code   RO          245    x$fpl$dgeqf         fz_ws.l(dgeqf.o)
    0x080029e0   0x080029e0   0x00000078   Code   RO          247    x$fpl$dleqf         fz_ws.l(dleqf.o)
    0x08002a58   0x08002a58   0x0000009c   Code   RO          308    x$fpl$dnaninf       fz_ws.l(dnaninf.o)
    0x08002af4   0x08002af4   0x0000000c   Code   RO          249    x$fpl$dretinf       fz_ws.l(dretinf.o)
    0x08002b00   0x08002b00   0x000001cc   Code   RO          251    x$fpl$dsqrt         fz_ws.l(dsqrt_noumaal.o)
    0x08002ccc   0x08002ccc   0x00000056   Code   RO          125    x$fpl$f2d           fz_ws.l(f2d.o)
    0x08002d22   0x08002d22   0x00000002   PAD
    0x08002d24   0x08002d24   0x000000c4   Code   RO          127    x$fpl$fadd          fz_ws.l(faddsub_clz.o)
    0x08002de8   0x08002de8   0x00000054   Code   RO          123    x$fpl$fcmp          fz_ws.l(dcmp.o)
    0x08002e3c   0x08002e3c   0x00000184   Code   RO          134    x$fpl$fdiv          fz_ws.l(fdiv.o)
    0x08002fc0   0x08002fc0   0x00000030   Code   RO          138    x$fpl$fflt          fz_ws.l(fflt_clz.o)
    0x08002ff0   0x08002ff0   0x00000102   Code   RO          143    x$fpl$fmul          fz_ws.l(fmul.o)
    0x080030f2   0x080030f2   0x0000008c   Code   RO          253    x$fpl$fnaninf       fz_ws.l(fnaninf.o)
    0x0800317e   0x0800317e   0x0000000a   Code   RO          255    x$fpl$fretinf       fz_ws.l(fretinf.o)
    0x08003188   0x08003188   0x000000ea   Code   RO          129    x$fpl$fsub          fz_ws.l(faddsub_clz.o)
    0x08003272   0x08003272   0x00000004   Code   RO          257    x$fpl$printf1       fz_ws.l(printf1.o)
    0x08003276   0x08003276   0x00000004   Code   RO          259    x$fpl$printf2       fz_ws.l(printf2.o)
    0x0800327a   0x0800327a   0x00000000   Code   RO          265    x$fpl$usenofp       fz_ws.l(usenofp.o)
    0x0800327a   0x0800327a   0x00000002   PAD
    0x0800327c   0x0800327c   0x00000008   Data   RO          169    .constdata          c_w.l(_printf_wctomb.o)
    0x08003284   0x08003284   0x00000028   Data   RO          198    .constdata          c_w.l(_printf_hex_int_ll_ptr.o)
    0x080032ac   0x080032ac   0x00000011   Data   RO          218    .constdata          c_w.l(__printf_flags_ss_wp.o)
    0x080032bd   0x080032bd   0x00000026   Data   RO          295    .constdata          c_w.l(_printf_fp_hex.o)
    0x080032e3   0x080032e3   0x00000001   PAD
    0x080032e4   0x080032e4   0x00000094   Data   RO          325    .constdata          c_w.l(bigflt0.o)
    0x08003378   0x08003378   0x0000000b   Data   RO           40    .rodata.str1.1      main.o
    0x08003383   0x08003383   0x00000001   PAD
    0x08003384   0x08003384   0x00000020   Data   RO          508    Region$$Table       anon$$obj.o
    0x080033a4   0x080033a4   0x0000001c   Data   RO          351    locale$$data        c_w.l(lc_numeric_c.o)
    0x080033c0   0x080033c0   0x00000110   Data   RO          370    locale$$data        c_w.l(lc_ctype_c.o)


    Execution Region ER_RW (Exec base: 0x20000000, Load base: 0x080034d0, Size: 0x00000008, Max: 0xffffffff, ABSOLUTE)

    Exec Addr    Load Addr    Size         Type   Attr      Idx    E Section Name        Object

    0x20000000   0x080034d0   0x00000004   Data   RW          107    .data.SystemCoreClock  system_stm32f10x.o
    0x20000004   0x080034d4   0x00000004   Data   RW           82    .data.lcd_set_cursor.row_offsets  lcd.o


    Execution Region ER_ZI (Exec base: 0x20000008, Load base: 0x080034d8, Size: 0x000006a0, Max: 0xffffffff, ABSOLUTE)

    Exec Addr    Load Addr    Size         Type   Attr      Idx    E Section Name        Object

    0x20000008        -       0x00000060   Zero   RW          311    .bss                c_w.l(libspace.o)
    0x20000068        -       0x00000001   Zero   RW           30    .bss.Reset          main.o
    0x20000069        -       0x00000001   Zero   RW           29    .bss.Set            main.o
    0x2000006a   0x080034d8   0x00000002   PAD
    0x2000006c        -       0x00000004   Zero   RW           41    .bss.SysTick_Handler.ticksB0  main.o
    0x20000070        -       0x00000004   Zero   RW           42    .bss.SysTick_Handler.ticksB1  main.o
    0x20000074        -       0x00000004   Zero   RW           36    .bss.ax             main.o
    0x20000078        -       0x00000004   Zero   RW           37    .bss.ay             main.o
    0x2000007c        -       0x00000004   Zero   RW           38    .bss.az             main.o
    0x20000080        -       0x00000010   Zero   RW           39    .bss.buf            main.o
    0x20000090        -       0x00000006   Zero   RW           32    .bss.buffer         main.o
    0x20000096        -       0x00000001   Zero   RW           28    .bss.isFall         main.o
    0x20000097   0x080034d8   0x00000001   PAD
    0x20000098        -       0x00000004   Zero   RW           31    .bss.ticks          main.o
    0x2000009c        -       0x00000002   Zero   RW           33    .bss.x              main.o
    0x2000009e        -       0x00000002   Zero   RW           34    .bss.y              main.o
    0x200000a0        -       0x00000002   Zero   RW           35    .bss.z              main.o
    0x200000a2   0x080034d8   0x00000006   PAD
    0x200000a8        -       0x00000200   Zero   RW           90    HEAP                startup_stm32f10x_md.o
    0x200002a8        -       0x00000400   Zero   RW           89    STACK               startup_stm32f10x_md.o


==============================================================================

Image component sizes


      Code (inc. data)   RO Data    RW Data    ZI Data      Debug   Object Name

       634          0          0          4          0       2591   lcd.o
      1470          0         11          0         55       6075   main.o
       716          0          0          0          0       2220   mma8451q.o
        64         26        236          0       1536        796   startup_stm32f10x_md.o
       400          0          0          4          0       2837   system_stm32f10x.o

    ----------------------------------------------------------------------
      3310         26        280          8       1600      14519   Object Totals
         0          0         32          0          0          0   (incl. Generated)
        26          0          1          0          9          0   (incl. Padding)

    ----------------------------------------------------------------------

      Code (inc. data)   RO Data    RW Data    ZI Data      Debug   Library Member Name

         8          0          0          0          0         68   __main.o
       392          4         17          0          0         92   __printf_flags_ss_wp.o
        14          0          0          0          0         68   __printf_wp.o
         0          0          0          0          0          0   __rtentry.o
        12          0          0          0          0          0   __rtentry2.o
         6          0          0          0          0          0   __rtentry4.o
        94          8          0          0          0          0   __scatter.o
        26          0          0          0          0          0   __scatter_copy.o
        28          0          0          0          0          0   __scatter_zi.o
        72          0          0          0          0         96   _c16rtomb.o
         6          0          0          0          0          0   _printf_a.o
         6          0          0          0          0          0   _printf_c.o
        44          0          0          0          0        108   _printf_char.o
        48          6          0          0          0         96   _printf_char_common.o
        40          0          0          0          0         68   _printf_charcount.o
         6          0          0          0          0          0   _printf_d.o
       120         16          0          0          0         92   _printf_dec.o
         6          0          0          0          0          0   _printf_e.o
         6          0          0          0          0          0   _printf_f.o
      1052          0          0          0          0        148   _printf_fp_dec.o
       764          8         38          0          0        100   _printf_fp_hex.o
       128         16          0          0          0         84   _printf_fp_infnan.o
         6          0          0          0          0          0   _printf_g.o
       148          4         40          0          0        160   _printf_hex_int_ll_ptr.o
         6          0          0          0          0          0   _printf_i.o
       178          0          0          0          0         88   _printf_intcommon.o
        10          0          0          0          0          0   _printf_l.o
         6          0          0          0          0          0   _printf_lc.o
        10          0          0          0          0          0   _printf_ll.o
         6          0          0          0          0          0   _printf_lld.o
         6          0          0          0          0          0   _printf_lli.o
         6          0          0          0          0          0   _printf_llo.o
         6          0          0          0          0          0   _printf_llu.o
         6          0          0          0          0          0   _printf_llx.o
       124         16          0          0          0         92   _printf_longlong_dec.o
         6          0          0          0          0          0   _printf_ls.o
         6          0          0          0          0          0   _printf_n.o
         6          0          0          0          0          0   _printf_o.o
       112          8          0          0          0        124   _printf_oct_int_ll.o
         6          0          0          0          0          0   _printf_p.o
        78          0          0          0          0        108   _printf_pad.o
         0          0          0          0          0          0   _printf_percent.o
         4          0          0          0          0          0   _printf_percent_end.o
         6          0          0          0          0          0   _printf_s.o
        82          0          0          0          0         80   _printf_str.o
        36          0          0          0          0         84   _printf_truncate.o
         6          0          0          0          0          0   _printf_u.o
        44          0          0          0          0        108   _printf_wchar.o
       188          6          8          0          0         92   _printf_wctomb.o
         6          0          0          0          0          0   _printf_x.o
        22          0          0          0          0        100   _rserrno.o
        10          0          0          0          0         68   _sputc.o
       228          4        148          0          0         96   bigflt0.o
      1936        128          0          0          0        668   btod.o
        18          0          0          0          0         80   exit.o
         6          0          0          0          0        152   heapauxi.o
         0          0          0          0          0          0   indicate_semi.o
        44         10        272          0          0         76   lc_ctype_c.o
        44         10         28          0          0         76   lc_numeric_c.o
         2          0          0          0          0          0   libinit.o
        30          0          0          0          0          0   libinit2.o
         2          0          0          0          0          0   libshutdown.o
         2          0          0          0          0          0   libshutdown2.o
         8          4          0          0         96         68   libspace.o
       138          0          0          0          0         80   lludiv10.o
        16          4          0          0          0         76   rt_ctype_table.o
         8          4          0          0          0         68   rt_errno_addr_intlibspace.o
         8          4          0          0          0         68   rt_locale_intlibspace.o
         2          0          0          0          0          0   rtexit.o
        10          0          0          0          0          0   rtexit2.o
        44          6          0          0          0         84   sprintf.o
       128          0          0          0          0         68   strcmpv7m.o
        12          4          0          0          0         68   sys_exit.o
        74          0          0          0          0         80   sys_stackheap_outer.o
         2          0          0          0          0         68   use_no_semi.o
        84          0          0          0          0        196   dcmp.o
        24          0          0          0          0         68   dcmpi.o
       120          4          0          0          0         92   deqf.o
       120          4          0          0          0         92   dgeqf.o
       120          4          0          0          0         92   dleqf.o
       156          4          0          0          0         92   dnaninf.o
        12          0          0          0          0         68   dretinf.o
       460         56          0          0          0        120   dsqrt_noumaal.o
        86          4          0          0          0         84   f2d.o
       430          8          0          0          0        168   faddsub_clz.o
       388         76          0          0          0         96   fdiv.o
        48          0          0          0          0         68   fflt_clz.o
       258          4          0          0          0         84   fmul.o
       140          4          0          0          0         84   fnaninf.o
        10          0          0          0          0         68   fretinf.o
         4          0          0          0          0         68   printf1.o
         4          0          0          0          0         68   printf2.o
         0          0          0          0          0          0   usenofp.o
        40          0          0          0          0         68   fpclassify.o
        76          0          0          0          0         84   sqrt.o

    ----------------------------------------------------------------------
      9378        438        552          0         96       5760   Library Totals
        22          0          1          0          0          0   (incl. Padding)

    ----------------------------------------------------------------------

      Code (inc. data)   RO Data    RW Data    ZI Data      Debug   Library Name

      6776        270        551          0         96       4000   c_w.l
      2464        168          0          0          0       1608   fz_ws.l
       116          0          0          0          0        152   m_ws.l

    ----------------------------------------------------------------------
      9378        438        552          0         96       5760   Library Totals

    ----------------------------------------------------------------------

==============================================================================


      Code (inc. data)   RO Data    RW Data    ZI Data      Debug   

     12688        464        832          8       1696      17163   Grand Totals
     12688        464        832          8       1696      17163   ELF Image Totals
     12688        464        832          8          0          0   ROM Totals

==============================================================================

    Total RO  Size (Code + RO Data)                13520 (  13.20kB)
    Total RW  Size (RW Data + ZI Data)              1704 (   1.66kB)
    Total ROM Size (Code + RO Data + RW Data)      13528 (  13.21kB)

==============================================================================

